#-----------------------------------------------------------
# Webtalk v2019.1 (64-bit)
# SW Build 2552052 on Fri May 24 14:49:42 MDT 2019
# 
# Start of session at: Wed Feb 25 00:11:30 2026
# Process ID: 47788
# Current directory: C:/Users/super/OneDrive/Desktop/Universita/aes/assignment_2/webtalk
# Command line: wbtcv.exe -mode batch -source sdk_webtalk.tcl
# Log file: C:/Users/super/OneDrive/Desktop/Universita/aes/assignment_2/webtalk/webtalk.log
# Journal file: C:/Users/super/OneDrive/Desktop/Universita/aes/assignment_2/webtalk\webtalk.jou
#-----------------------------------------------------------
source sdk_webtalk.tcl
# webtalk_init -webtalk_dir C:\\Users\\super\\OneDrive\\Desktop\\Universita\\aes\\assignment_2\\webtalk
# webtalk_register_client -client project
# webtalk_add_data -client project -key date_generated -value "2026-02-25 00:11:29" -context "software_version_and_target_device"
# webtalk_add_data -client project -key product_version -value "SDK v2019.1" -context "software_version_and_target_device"
# webtalk_add_data -client project -key build_version -value "2019.1" -context "software_version_and_target_device"
# webtalk_add_data -client project -key os_platform -value "amd64" -context "software_version_and_target_device"
# webtalk_add_data -client project -key registration_id -value "" -context "software_version_and_target_device"
# webtalk_add_data -client project -key tool_flow -value "SDK" -context "software_version_and_target_device"
# webtalk_add_data -client project -key beta -value "false" -context "software_version_and_target_device"
# webtalk_add_data -client project -key route_design -value "NA" -context "software_version_and_target_device"
# webtalk_add_data -client project -key target_family -value "NA" -context "software_version_and_target_device"
# webtalk_add_data -client project -key target_device -value "NA" -context "software_version_and_target_device"
# webtalk_add_data -client project -key target_package -value "NA" -context "software_version_and_target_device"
# webtalk_add_data -client project -key target_speed -value "NA" -context "software_version_and_target_device"
# webtalk_add_data -client project -key random_id -value "5iks4rp8rq7mtphvkek4ogdemf" -context "software_version_and_target_device"
# webtalk_add_data -client project -key project_id -value "2019.1_6" -context "software_version_and_target_device"
# webtalk_add_data -client project -key project_iteration -value "6" -context "software_version_and_target_device"
# webtalk_add_data -client project -key os_name -value "Microsoft Windows 8 or later , 64-bit" -context "user_environment"
# webtalk_add_data -client project -key os_release -value "major release  (build 9200)" -context "user_environment"
# webtalk_add_data -client project -key cpu_name -value "13th Gen Intel(R) Core(TM) i5-13600KF" -context "user_environment"
# webtalk_add_data -client project -key cpu_speed -value "3494 MHz" -context "user_environment"
# webtalk_add_data -client project -key total_processors -value "1" -context "user_environment"
# webtalk_add_data -client project -key system_ram -value "34.186 GB" -context "user_environment"
# webtalk_register_client -client sdk
# webtalk_add_data -client sdk -key uid -value "1771951681196" -context "sdk\\\\bsp/1771951681196"
# webtalk_add_data -client sdk -key hwid -value "1769528881016" -context "sdk\\\\bsp/1771951681196"
# webtalk_add_data -client sdk -key os -value "standalone" -context "sdk\\\\bsp/1771951681196"
# webtalk_add_data -client sdk -key apptemplate -value "hello_world" -context "sdk\\\\bsp/1771951681196"
# webtalk_add_data -client sdk -key RecordType -value "BSPCreation" -context "sdk\\\\bsp/1771951681196"
# webtalk_add_data -client sdk -key uid -value "1771951682799" -context "sdk\\\\application/1771951682799"
# webtalk_add_data -client sdk -key hwid -value "1769528881016" -context "sdk\\\\application/1771951682799"
# webtalk_add_data -client sdk -key bspid -value "1771951681196" -context "sdk\\\\application/1771951682799"
# webtalk_add_data -client sdk -key newbsp -value "true" -context "sdk\\\\application/1771951682799"
# webtalk_add_data -client sdk -key os -value "standalone" -context "sdk\\\\application/1771951682799"
# webtalk_add_data -client sdk -key apptemplate -value "hello_world" -context "sdk\\\\application/1771951682799"
# webtalk_add_data -client sdk -key RecordType -value "APPCreation" -context "sdk\\\\application/1771951682799"
# webtalk_add_data -client sdk -key LangUsed -value "C" -context "sdk\\\\application/1771951682799"
# webtalk_add_data -client sdk -key Procused -value "ps7_cortexa9" -context "sdk\\\\application/1771951682799"
# webtalk_add_data -client sdk -key uid -value "NA" -context "sdk\\\\bsp/1771974689460"
# webtalk_add_data -client sdk -key RecordType -value "ToolUsage" -context "sdk\\\\bsp/1771974689460"
# webtalk_add_data -client sdk -key BootgenCount -value "0" -context "sdk\\\\bsp/1771974689460"
# webtalk_add_data -client sdk -key DebugCount -value "26" -context "sdk\\\\bsp/1771974689460"
# webtalk_add_data -client sdk -key PerfCount -value "0" -context "sdk\\\\bsp/1771974689460"
# webtalk_add_data -client sdk -key FlashCount -value "0" -context "sdk\\\\bsp/1771974689460"
# webtalk_add_data -client sdk -key CrossTriggCount -value "0" -context "sdk\\\\bsp/1771974689460"
# webtalk_add_data -client sdk -key QemuDebugCount -value "0" -context "sdk\\\\bsp/1771974689460"
# webtalk_transmit -clientid 4091158655 -regid "" -xml C:\\Users\\super\\OneDrive\\Desktop\\Universita\\aes\\assignment_2\\webtalk\\usage_statistics_ext_sdk.xml -html C:\\Users\\super\\OneDrive\\Desktop\\Universita\\aes\\assignment_2\\webtalk\\usage_statistics_ext_sdk.html -wdm C:\\Users\\super\\OneDrive\\Desktop\\Universita\\aes\\assignment_2\\webtalk\\sdk_webtalk.wdm -intro "<H3>SDK Usage Report</H3><BR>"
# webtalk_terminate
INFO: [Common 17-206] Exiting Webtalk at Wed Feb 25 00:11:32 2026...
