21:57:13 **** Build of configuration Debug for project hello_interrupts ****
make all 
'Building file: ../src/platform.c'
'Invoking: MicroBlaze gcc compiler'
mb-gcc -Wall -O0 -g3 -c -fmessage-length=0 -MT"src/platform.o" -I../../hello_interrupts_bsp/microblaze_0/include -mlittle-endian -mcpu=v11.0 -mxl-soft-mul -Wl,--no-relax -ffunction-sections -fdata-sections -MMD -MP -MF"src/platform.d" -MT"src/platform.o" -o "src/platform.o" "../src/platform.c"
'Finished building: ../src/platform.c'
' '
'Building file: ../src/polling.c'
'Invoking: MicroBlaze gcc compiler'
mb-gcc -Wall -O0 -g3 -c -fmessage-length=0 -MT"src/polling.o" -I../../hello_interrupts_bsp/microblaze_0/include -mlittle-endian -mcpu=v11.0 -mxl-soft-mul -Wl,--no-relax -ffunction-sections -fdata-sections -MMD -MP -MF"src/polling.d" -MT"src/polling.o" -o "src/polling.o" "../src/polling.c"
../src/polling.c: In function 'main':
../src/polling.c:13:13: warning: assignment to 'int *' from 'int' makes pointer from integer without a cast [-Wint-conversion]
  GPIO0_DATA = 0x40000000; //indirizzo output led
             ^
../src/polling.c:14:12: warning: assignment to 'int *' from 'int' makes pointer from integer without a cast [-Wint-conversion]
  GPIO0_TRI =  0x40000004; //indirizzo mux gpio led
            ^
../src/polling.c:18:13: warning: assignment to 'int *' from 'int' makes pointer from integer without a cast [-Wint-conversion]
  GPIO1_DATA = 0x40010000; //indirizzo dati input switch
             ^
../src/polling.c:19:12: warning: assignment to 'int *' from 'int' makes pointer from integer without a cast [-Wint-conversion]
  GPIO1_TRI =  0x40010004; //indirizzo mux
            ^
../src/polling.c:23:13: warning: assignment to 'int *' from 'int' makes pointer from integer without a cast [-Wint-conversion]
  GPIO2_DATA = 0x40020000; //indirizzo dati INPUT button
             ^
../src/polling.c:24:12: warning: assignment to 'int *' from 'int' makes pointer from integer without a cast [-Wint-conversion]
  GPIO2_TRI =  0x40020004; //indirizzo mux
            ^
'Finished building: ../src/polling.c'
' '
'Building target: hello_interrupts.elf'
'Invoking: MicroBlaze gcc linker'
mb-gcc -Wl,-T -Wl,../src/lscript.ld -L../../hello_interrupts_bsp/microblaze_0/lib -mlittle-endian -mcpu=v11.0 -mxl-soft-mul -Wl,--no-relax -Wl,--gc-sections -o "hello_interrupts.elf"  ./src/platform.o ./src/polling.o   -Wl,--start-group,-lxil,-lgcc,-lc,--end-group
'Finished building target: hello_interrupts.elf'
' '
'Invoking: MicroBlaze Print Size'
mb-size hello_interrupts.elf  |tee "hello_interrupts.elf.size"
   text	   data	    bss	    dec	    hex	filename
   2564	    320	   3108	   5992	   1768	hello_interrupts.elf
'Finished building: hello_interrupts.elf.size'
' '

21:57:14 Build Finished (took 939ms)

