10:13:38 **** Auto Build of configuration Debug for project definitivo6 ****
make pre-build main-build 
a9-linaro-pre-build-step
' '
'Building file: ../src/definitivo6.c'
'Invoking: ARM v7 gcc compiler'
arm-none-eabi-gcc -Wall -O0 -g3 -c -fmessage-length=0 -MT"src/definitivo6.o" -mcpu=cortex-a9 -mfpu=vfpv3 -mfloat-abi=hard -I../../definitivo6_bsp/ps7_cortexa9_0/include -MMD -MP -MF"src/definitivo6.d" -MT"src/definitivo6.o" -o "src/definitivo6.o" "../src/definitivo6.c"
../src/definitivo6.c: In function 'main':
../src/definitivo6.c:27:8: warning: unused variable 'cmd' [-Wunused-variable]
     u8 cmd;
        ^~~
'Finished building: ../src/definitivo6.c'
' '
'Building target: definitivo6.elf'
'Invoking: ARM v7 gcc linker'
arm-none-eabi-gcc -mcpu=cortex-a9 -mfpu=vfpv3 -mfloat-abi=hard -Wl,-build-id=none -specs=Xilinx.spec -Wl,-T -Wl,../src/lscript.ld -L../../definitivo6_bsp/ps7_cortexa9_0/lib -o "definitivo6.elf"  ./src/definitivo6.o ./src/platform.o   -Wl,--start-group,-lxil,-lgcc,-lc,--end-group
'Finished building target: definitivo6.elf'
' '
'Invoking: ARM v7 Print Size'
arm-none-eabi-size definitivo6.elf  |tee "definitivo6.elf.size"
   text	   data	    bss	    dec	    hex	filename
  21512	   1160	  22584	  45256	   b0c8	definitivo6.elf
'Finished building: definitivo6.elf.size'
' '

10:13:39 Build Finished (took 1s.58ms)

