11:17:34 **** Build of configuration Debug for project definitivo3 ****
make pre-build main-build 
a9-linaro-pre-build-step
' '
'Building file: ../src/definitivo3.c'
'Invoking: ARM v7 gcc compiler'
arm-none-eabi-gcc -Wall -O0 -g3 -c -fmessage-length=0 -MT"src/definitivo3.o" -mcpu=cortex-a9 -mfpu=vfpv3 -mfloat-abi=hard -I../../definitivo3_bsp/ps7_cortexa9_0/include -MMD -MP -MF"src/definitivo3.d" -MT"src/definitivo3.o" -o "src/definitivo3.o" "../src/definitivo3.c"
../src/definitivo3.c: In function 'leggi_header':
../src/definitivo3.c:112:10: warning: implicit declaration of function 'atoi' [-Wimplicit-function-declaration]
  dim_x = atoi(buffer_dim_x);
          ^~~~
'Finished building: ../src/definitivo3.c'
' '
'Building file: ../src/platform.c'
'Invoking: ARM v7 gcc compiler'
arm-none-eabi-gcc -Wall -O0 -g3 -c -fmessage-length=0 -MT"src/platform.o" -mcpu=cortex-a9 -mfpu=vfpv3 -mfloat-abi=hard -I../../definitivo3_bsp/ps7_cortexa9_0/include -MMD -MP -MF"src/platform.d" -MT"src/platform.o" -o "src/platform.o" "../src/platform.c"
'Finished building: ../src/platform.c'
' '
'Building target: definitivo3.elf'
'Invoking: ARM v7 gcc linker'
arm-none-eabi-gcc -mcpu=cortex-a9 -mfpu=vfpv3 -mfloat-abi=hard -Wl,-build-id=none -specs=Xilinx.spec -Wl,-T -Wl,../src/lscript.ld -L../../definitivo3_bsp/ps7_cortexa9_0/lib -o "definitivo3.elf"  ./src/definitivo3.o ./src/platform.o   -Wl,--start-group,-lxil,-lgcc,-lc,--end-group
'Finished building target: definitivo3.elf'
' '
'Invoking: ARM v7 Print Size'
arm-none-eabi-size definitivo3.elf  |tee "definitivo3.elf.size"
   text	   data	    bss	    dec	    hex	filename
  32720	   1560	  23272	  57552	   e0d0	definitivo3.elf
'Finished building: definitivo3.elf.size'
' '

11:17:36 Build Finished (took 1s.717ms)

