11:18:08 **** Build of configuration Debug for project definitivo4 ****
make pre-build main-build 
a9-linaro-pre-build-step
' '
'Building file: ../src/definitivo4.c'
'Invoking: ARM v7 gcc compiler'
arm-none-eabi-gcc -Wall -O0 -g3 -c -fmessage-length=0 -MT"src/definitivo4.o" -mcpu=cortex-a9 -mfpu=vfpv3 -mfloat-abi=hard -I../../definitivo4_bsp/ps7_cortexa9_0/include -MMD -MP -MF"src/definitivo4.d" -MT"src/definitivo4.o" -o "src/definitivo4.o" "../src/definitivo4.c"
../src/definitivo4.c: In function 'leggi_header':
../src/definitivo4.c:131:10: warning: implicit declaration of function 'atoi' [-Wimplicit-function-declaration]
  dim_x = atoi(buffer_dim_x);
          ^~~~
'Finished building: ../src/definitivo4.c'
' '
'Building file: ../src/platform.c'
'Invoking: ARM v7 gcc compiler'
arm-none-eabi-gcc -Wall -O0 -g3 -c -fmessage-length=0 -MT"src/platform.o" -mcpu=cortex-a9 -mfpu=vfpv3 -mfloat-abi=hard -I../../definitivo4_bsp/ps7_cortexa9_0/include -MMD -MP -MF"src/platform.d" -MT"src/platform.o" -o "src/platform.o" "../src/platform.c"
'Finished building: ../src/platform.c'
' '
'Building target: definitivo4.elf'
'Invoking: ARM v7 gcc linker'
arm-none-eabi-gcc -mcpu=cortex-a9 -mfpu=vfpv3 -mfloat-abi=hard -Wl,-build-id=none -specs=Xilinx.spec -Wl,-T -Wl,../src/lscript.ld -L../../definitivo4_bsp/ps7_cortexa9_0/lib -o "definitivo4.elf"  ./src/definitivo4.o ./src/platform.o   -Wl,--start-group,-lxil,-lgcc,-lc,--end-group
'Finished building target: definitivo4.elf'
' '
'Invoking: ARM v7 Print Size'
arm-none-eabi-size definitivo4.elf  |tee "definitivo4.elf.size"
   text	   data	    bss	    dec	    hex	filename
  33744	   1560	  23272	  58576	   e4d0	definitivo4.elf
'Finished building: definitivo4.elf.size'
' '

11:18:10 Build Finished (took 1s.669ms)

