11:18:42 **** Build of configuration Debug for project definitivo5 ****
make pre-build main-build 
a9-linaro-pre-build-step
' '
'Building file: ../src/definitivo5.c'
'Invoking: ARM v7 gcc compiler'
arm-none-eabi-gcc -Wall -O0 -g3 -c -fmessage-length=0 -MT"src/definitivo5.o" -mcpu=cortex-a9 -mfpu=vfpv3 -mfloat-abi=hard -I../../definitivo5_bsp/ps7_cortexa9_0/include -MMD -MP -MF"src/definitivo5.d" -MT"src/definitivo5.o" -o "src/definitivo5.o" "../src/definitivo5.c"
../src/definitivo5.c: In function 'leggi_header':
../src/definitivo5.c:125:10: warning: implicit declaration of function 'atoi' [-Wimplicit-function-declaration]
  dim_x = atoi(buffer_dim_x);
          ^~~~
'Finished building: ../src/definitivo5.c'
' '
'Building file: ../src/platform.c'
'Invoking: ARM v7 gcc compiler'
arm-none-eabi-gcc -Wall -O0 -g3 -c -fmessage-length=0 -MT"src/platform.o" -mcpu=cortex-a9 -mfpu=vfpv3 -mfloat-abi=hard -I../../definitivo5_bsp/ps7_cortexa9_0/include -MMD -MP -MF"src/platform.d" -MT"src/platform.o" -o "src/platform.o" "../src/platform.c"
'Finished building: ../src/platform.c'
' '
'Building target: definitivo5.elf'
'Invoking: ARM v7 gcc linker'
arm-none-eabi-gcc -mcpu=cortex-a9 -mfpu=vfpv3 -mfloat-abi=hard -Wl,-build-id=none -specs=Xilinx.spec -Wl,-T -Wl,../src/lscript.ld -L../../definitivo5_bsp/ps7_cortexa9_0/lib -o "definitivo5.elf"  ./src/definitivo5.o ./src/platform.o   -Wl,--start-group,-lxil,-lgcc,-lc,--end-group
'Finished building target: definitivo5.elf'
' '
'Invoking: ARM v7 Print Size'
arm-none-eabi-size definitivo5.elf  |tee "definitivo5.elf.size"
   text	   data	    bss	    dec	    hex	filename
  32848	   1560	  23272	  57680	   e150	definitivo5.elf
'Finished building: definitivo5.elf.size'
' '

11:18:44 Build Finished (took 1s.740ms)

