11:20:23 **** Build of configuration Debug for project lab3_def ****
make pre-build main-build 
a9-linaro-pre-build-step
' '
'Building file: ../src/lab3_def.c'
'Invoking: ARM v7 gcc compiler'
arm-none-eabi-gcc -Wall -O0 -g3 -c -fmessage-length=0 -MT"src/lab3_def.o" -mcpu=cortex-a9 -mfpu=vfpv3 -mfloat-abi=hard -I../../lab3_def_bsp/ps7_cortexa9_0/include -MMD -MP -MF"src/lab3_def.d" -MT"src/lab3_def.o" -o "src/lab3_def.o" "../src/lab3_def.c"
'Finished building: ../src/lab3_def.c'
' '
'Building file: ../src/platform.c'
'Invoking: ARM v7 gcc compiler'
arm-none-eabi-gcc -Wall -O0 -g3 -c -fmessage-length=0 -MT"src/platform.o" -mcpu=cortex-a9 -mfpu=vfpv3 -mfloat-abi=hard -I../../lab3_def_bsp/ps7_cortexa9_0/include -MMD -MP -MF"src/platform.d" -MT"src/platform.o" -o "src/platform.o" "../src/platform.c"
'Finished building: ../src/platform.c'
' '
'Building target: lab3_def.elf'
'Invoking: ARM v7 gcc linker'
arm-none-eabi-gcc -mcpu=cortex-a9 -mfpu=vfpv3 -mfloat-abi=hard -Wl,-build-id=none -specs=Xilinx.spec -Wl,-T -Wl,../src/lscript.ld -L../../lab3_def_bsp/ps7_cortexa9_0/lib -o "lab3_def.elf"  ./src/lab3_def.o ./src/platform.o   -Wl,--start-group,-lxil,-lgcc,-lc,--end-group
'Finished building target: lab3_def.elf'
' '
'Invoking: ARM v7 Print Size'
arm-none-eabi-size lab3_def.elf  |tee "lab3_def.elf.size"
   text	   data	    bss	    dec	    hex	filename
  21988	   1160	  22584	  45732	   b2a4	lab3_def.elf
'Finished building: lab3_def.elf.size'
' '

11:20:24 Build Finished (took 1s.604ms)

