10:19:07 **** Auto Build of configuration Debug for project microserver ****
make pre-build main-build 
a9-linaro-pre-build-step
' '
'Building file: ../src/microserver.c'
'Invoking: ARM v7 gcc compiler'
arm-none-eabi-gcc -Wall -O0 -g3 -c -fmessage-length=0 -MT"src/microserver.o" -mcpu=cortex-a9 -mfpu=vfpv3 -mfloat-abi=hard -I../../microserver_bsp/ps7_cortexa9_0/include -MMD -MP -MF"src/microserver.d" -MT"src/microserver.o" -o "src/microserver.o" "../src/microserver.c"
'Finished building: ../src/microserver.c'
' '
'Building target: microserver.elf'
'Invoking: ARM v7 gcc linker'
arm-none-eabi-gcc -mcpu=cortex-a9 -mfpu=vfpv3 -mfloat-abi=hard -Wl,-build-id=none -specs=Xilinx.spec -Wl,-T -Wl,../src/lscript.ld -L../../microserver_bsp/ps7_cortexa9_0/lib -o "microserver.elf"  ./src/microserver.o ./src/platform.o   -Wl,--start-group,-lxil,-lgcc,-lc,--end-group
'Finished building target: microserver.elf'
' '
'Invoking: ARM v7 Print Size'
arm-none-eabi-size microserver.elf  |tee "microserver.elf.size"
   text	   data	    bss	    dec	    hex	filename
  21528	   1160	  22584	  45272	   b0d8	microserver.elf
'Finished building: microserver.elf.size'
' '

10:19:07 Build Finished (took 960ms)

