11:21:31 **** Build of configuration Debug for project prova_3 ****
make pre-build main-build 
a9-linaro-pre-build-step
' '
'Building file: ../src/platform.c'
'Invoking: ARM v7 gcc compiler'
arm-none-eabi-gcc -Wall -O0 -g3 -c -fmessage-length=0 -MT"src/platform.o" -mcpu=cortex-a9 -mfpu=vfpv3 -mfloat-abi=hard -I../../prova_3_bsp/ps7_cortexa9_0/include -MMD -MP -MF"src/platform.d" -MT"src/platform.o" -o "src/platform.o" "../src/platform.c"
'Finished building: ../src/platform.c'
' '
'Building file: ../src/prova_lab3.c'
'Invoking: ARM v7 gcc compiler'
arm-none-eabi-gcc -Wall -O0 -g3 -c -fmessage-length=0 -MT"src/prova_lab3.o" -mcpu=cortex-a9 -mfpu=vfpv3 -mfloat-abi=hard -I../../prova_3_bsp/ps7_cortexa9_0/include -MMD -MP -MF"src/prova_lab3.d" -MT"src/prova_lab3.o" -o "src/prova_lab3.o" "../src/prova_lab3.c"
'Finished building: ../src/prova_lab3.c'
' '
'Building target: prova_3.elf'
'Invoking: ARM v7 gcc linker'
arm-none-eabi-gcc -mcpu=cortex-a9 -mfpu=vfpv3 -mfloat-abi=hard -Wl,-build-id=none -specs=Xilinx.spec -Wl,-T -Wl,../src/lscript.ld -L../../prova_3_bsp/ps7_cortexa9_0/lib -o "prova_3.elf"  ./src/platform.o ./src/prova_lab3.o   -Wl,--start-group,-lxil,-lgcc,-lc,--end-group
'Finished building target: prova_3.elf'
' '
'Invoking: ARM v7 Print Size'
arm-none-eabi-size prova_3.elf  |tee "prova_3.elf.size"
   text	   data	    bss	    dec	    hex	filename
  21712	   1160	  22584	  45456	   b190	prova_3.elf
'Finished building: prova_3.elf.size'
' '

11:21:33 Build Finished (took 1s.618ms)

