21:32:16 **** Incremental Build of configuration Debug for project mnist_group ****
make pre-build main-build 
a9-linaro-pre-build-step
' '
make: Nothing to be done for 'main-build'.
21:32:30 **** Incremental Build of configuration Debug for project mnist_group ****
make pre-build main-build 
a9-linaro-pre-build-step
' '
make: Nothing to be done for 'main-build'.
21:34:23 **** Incremental Build of configuration Debug for project mnist_group ****
make pre-build main-build 
a9-linaro-pre-build-step
' '
make: Nothing to be done for 'main-build'.
21:49:44 **** Incremental Build of configuration Debug for project mnist_group ****
make pre-build main-build 
a9-linaro-pre-build-step
' '
make: Nothing to be done for 'main-build'.
21:49:58 **** Auto Build of configuration Debug for project mnist_group ****
make pre-build main-build 
a9-linaro-pre-build-step
' '
'Building file: ../src/mnist_group0.c'
'Invoking: ARM v7 gcc compiler'
arm-none-eabi-gcc -Wall -O0 -g3 -c -fmessage-length=0 -MT"src/mnist_group0.o" -mcpu=cortex-a9 -mfpu=vfpv3 -mfloat-abi=hard -I../../mnist_group_bsp/ps7_cortexa9_0/include -MMD -MP -MF"src/mnist_group0.d" -MT"src/mnist_group0.o" -o "src/mnist_group0.o" "../src/mnist_group0.c"
In file included from ../src/mnist_group0.c:20:
../../mnist_group_bsp/ps7_cortexa9_0/include/xtime_l.h:87:9: note: #pragma message: For the sleep routines, Global timer is being used
 #pragma message ("For the sleep routines, Global timer is being used")
         ^~~~~~~
'Finished building: ../src/mnist_group0.c'
' '
'Building target: mnist_group.elf'
'Invoking: ARM v7 gcc linker'
arm-none-eabi-gcc -mcpu=cortex-a9 -mfpu=vfpv3 -mfloat-abi=hard -Wl,-build-id=none -specs=Xilinx.spec -Wl,-T -Wl,../src/lscript.ld -L../../mnist_group_bsp/ps7_cortexa9_0/lib -o "mnist_group.elf"  ./src/mnist_group0.o ./src/platform.o   -Wl,--start-group,-lxil,-lgcc,-lc,--end-group
'Finished building target: mnist_group.elf'
' '
'Invoking: ARM v7 Print Size'
arm-none-eabi-size mnist_group.elf  |tee "mnist_group.elf.size"
   text	   data	    bss	    dec	    hex	filename
 119716	   1560	  40856	 162132	  27954	mnist_group.elf
'Finished building: mnist_group.elf.size'
' '
21:50:12 **** Incremental Build of configuration Debug for project mnist_group ****
make pre-build main-build 
a9-linaro-pre-build-step
' '
make: Nothing to be done for 'main-build'.
21:50:49 **** Incremental Build of configuration Debug for project mnist_group ****
make pre-build main-build 
a9-linaro-pre-build-step
' '
make: Nothing to be done for 'main-build'.
21:56:45 **** Auto Build of configuration Debug for project mnist_group ****
make pre-build main-build 
a9-linaro-pre-build-step
' '
'Building file: ../src/mnist_group0.c'
'Invoking: ARM v7 gcc compiler'
arm-none-eabi-gcc -Wall -O0 -g3 -c -fmessage-length=0 -MT"src/mnist_group0.o" -mcpu=cortex-a9 -mfpu=vfpv3 -mfloat-abi=hard -I../../mnist_group_bsp/ps7_cortexa9_0/include -MMD -MP -MF"src/mnist_group0.d" -MT"src/mnist_group0.o" -o "src/mnist_group0.o" "../src/mnist_group0.c"
In file included from ../src/mnist_group0.c:20:
../../mnist_group_bsp/ps7_cortexa9_0/include/xtime_l.h:87:9: note: #pragma message: For the sleep routines, Global timer is being used
 #pragma message ("For the sleep routines, Global timer is being used")
         ^~~~~~~
'Finished building: ../src/mnist_group0.c'
' '
'Building target: mnist_group.elf'
'Invoking: ARM v7 gcc linker'
arm-none-eabi-gcc -mcpu=cortex-a9 -mfpu=vfpv3 -mfloat-abi=hard -Wl,-build-id=none -specs=Xilinx.spec -Wl,-T -Wl,../src/lscript.ld -L../../mnist_group_bsp/ps7_cortexa9_0/lib -o "mnist_group.elf"  ./src/mnist_group0.o ./src/platform.o   -Wl,--start-group,-lxil,-lgcc,-lc,--end-group
'Finished building target: mnist_group.elf'
' '
'Invoking: ARM v7 Print Size'
arm-none-eabi-size mnist_group.elf  |tee "mnist_group.elf.size"
   text	   data	    bss	    dec	    hex	filename
  68496	 103344	  40856	 212696	  33ed8	mnist_group.elf
'Finished building: mnist_group.elf.size'
' '
21:56:48 **** Incremental Build of configuration Debug for project mnist_group ****
make pre-build main-build 
a9-linaro-pre-build-step
' '
make: Nothing to be done for 'main-build'.
21:57:04 **** Incremental Build of configuration Debug for project mnist_group ****
make pre-build main-build 
a9-linaro-pre-build-step
' '
make: Nothing to be done for 'main-build'.
21:57:23 **** Incremental Build of configuration Debug for project mnist_group ****
make pre-build main-build 
a9-linaro-pre-build-step
' '
make: Nothing to be done for 'main-build'.
22:04:52 **** Auto Build of configuration Debug for project mnist_group ****
make pre-build main-build 
a9-linaro-pre-build-step
' '
'Building file: ../src/mnist_group0.c'
'Invoking: ARM v7 gcc compiler'
arm-none-eabi-gcc -Wall -O0 -g3 -c -fmessage-length=0 -MT"src/mnist_group0.o" -mcpu=cortex-a9 -mfpu=vfpv3 -mfloat-abi=hard -I../../mnist_group_bsp/ps7_cortexa9_0/include -MMD -MP -MF"src/mnist_group0.d" -MT"src/mnist_group0.o" -o "src/mnist_group0.o" "../src/mnist_group0.c"
In file included from ../src/mnist_group0.c:20:
../../mnist_group_bsp/ps7_cortexa9_0/include/xtime_l.h:87:9: note: #pragma message: For the sleep routines, Global timer is being used
 #pragma message ("For the sleep routines, Global timer is being used")
         ^~~~~~~
'Finished building: ../src/mnist_group0.c'
' '
'Building target: mnist_group.elf'
'Invoking: ARM v7 gcc linker'
arm-none-eabi-gcc -mcpu=cortex-a9 -mfpu=vfpv3 -mfloat-abi=hard -Wl,-build-id=none -specs=Xilinx.spec -Wl,-T -Wl,../src/lscript.ld -L../../mnist_group_bsp/ps7_cortexa9_0/lib -o "mnist_group.elf"  ./src/mnist_group0.o ./src/platform.o   -Wl,--start-group,-lxil,-lgcc,-lc,--end-group
'Finished building target: mnist_group.elf'
' '
'Invoking: ARM v7 Print Size'
arm-none-eabi-size mnist_group.elf  |tee "mnist_group.elf.size"
   text	   data	    bss	    dec	    hex	filename
  68432	 103344	  40856	 212632	  33e98	mnist_group.elf
'Finished building: mnist_group.elf.size'
' '
22:04:55 **** Incremental Build of configuration Debug for project mnist_group ****
make pre-build main-build 
a9-linaro-pre-build-step
' '
make: Nothing to be done for 'main-build'.
22:10:19 **** Incremental Build of configuration Debug for project mnist_group ****
make pre-build main-build 
a9-linaro-pre-build-step
' '
make: Nothing to be done for 'main-build'.
22:10:54 **** Auto Build of configuration Debug for project mnist_group ****
make pre-build main-build 
a9-linaro-pre-build-step
' '
'Building file: ../src/mnist_group0.c'
'Invoking: ARM v7 gcc compiler'
arm-none-eabi-gcc -Wall -O0 -g3 -c -fmessage-length=0 -MT"src/mnist_group0.o" -mcpu=cortex-a9 -mfpu=vfpv3 -mfloat-abi=hard -I../../mnist_group_bsp/ps7_cortexa9_0/include -MMD -MP -MF"src/mnist_group0.d" -MT"src/mnist_group0.o" -o "src/mnist_group0.o" "../src/mnist_group0.c"
In file included from ../src/mnist_group0.c:20:
../../mnist_group_bsp/ps7_cortexa9_0/include/xtime_l.h:87:9: note: #pragma message: For the sleep routines, Global timer is being used
 #pragma message ("For the sleep routines, Global timer is being used")
         ^~~~~~~
'Finished building: ../src/mnist_group0.c'
' '
'Building target: mnist_group.elf'
'Invoking: ARM v7 gcc linker'
arm-none-eabi-gcc -mcpu=cortex-a9 -mfpu=vfpv3 -mfloat-abi=hard -Wl,-build-id=none -specs=Xilinx.spec -Wl,-T -Wl,../src/lscript.ld -L../../mnist_group_bsp/ps7_cortexa9_0/lib -o "mnist_group.elf"  ./src/mnist_group0.o ./src/platform.o   -Wl,--start-group,-lxil,-lgcc,-lc,--end-group
'Finished building target: mnist_group.elf'
' '
'Invoking: ARM v7 Print Size'
arm-none-eabi-size mnist_group.elf  |tee "mnist_group.elf.size"
   text	   data	    bss	    dec	    hex	filename
  68428	 103344	  40856	 212628	  33e94	mnist_group.elf
'Finished building: mnist_group.elf.size'
' '
22:10:57 **** Incremental Build of configuration Debug for project mnist_group ****
make pre-build main-build 
a9-linaro-pre-build-step
' '
make: Nothing to be done for 'main-build'.
22:11:22 **** Auto Build of configuration Debug for project mnist_group ****
make pre-build main-build 
a9-linaro-pre-build-step
' '
'Building file: ../src/mnist_group0.c'
'Invoking: ARM v7 gcc compiler'
arm-none-eabi-gcc -Wall -O0 -g3 -c -fmessage-length=0 -MT"src/mnist_group0.o" -mcpu=cortex-a9 -mfpu=vfpv3 -mfloat-abi=hard -I../../mnist_group_bsp/ps7_cortexa9_0/include -MMD -MP -MF"src/mnist_group0.d" -MT"src/mnist_group0.o" -o "src/mnist_group0.o" "../src/mnist_group0.c"
In file included from ../src/mnist_group0.c:20:
../../mnist_group_bsp/ps7_cortexa9_0/include/xtime_l.h:87:9: note: #pragma message: For the sleep routines, Global timer is being used
 #pragma message ("For the sleep routines, Global timer is being used")
         ^~~~~~~
'Finished building: ../src/mnist_group0.c'
' '
'Building target: mnist_group.elf'
'Invoking: ARM v7 gcc linker'
arm-none-eabi-gcc -mcpu=cortex-a9 -mfpu=vfpv3 -mfloat-abi=hard -Wl,-build-id=none -specs=Xilinx.spec -Wl,-T -Wl,../src/lscript.ld -L../../mnist_group_bsp/ps7_cortexa9_0/lib -o "mnist_group.elf"  ./src/mnist_group0.o ./src/platform.o   -Wl,--start-group,-lxil,-lgcc,-lc,--end-group
'Finished building target: mnist_group.elf'
' '
'Invoking: ARM v7 Print Size'
arm-none-eabi-size mnist_group.elf  |tee "mnist_group.elf.size"
   text	   data	    bss	    dec	    hex	filename
  68428	 103344	  40856	 212628	  33e94	mnist_group.elf
'Finished building: mnist_group.elf.size'
' '
22:42:17 **** Incremental Build of configuration Debug for project mnist_group ****
make pre-build main-build 
a9-linaro-pre-build-step
' '
make: Nothing to be done for 'main-build'.
22:43:11 **** Auto Build of configuration Debug for project mnist_group ****
make pre-build main-build 
a9-linaro-pre-build-step
' '
'Building file: ../src/mnist_group0.c'
'Invoking: ARM v7 gcc compiler'
arm-none-eabi-gcc -Wall -O0 -g3 -c -fmessage-length=0 -MT"src/mnist_group0.o" -mcpu=cortex-a9 -mfpu=vfpv3 -mfloat-abi=hard -I../../mnist_group_bsp/ps7_cortexa9_0/include -MMD -MP -MF"src/mnist_group0.d" -MT"src/mnist_group0.o" -o "src/mnist_group0.o" "../src/mnist_group0.c"
In file included from ../src/mnist_group0.c:20:
../../mnist_group_bsp/ps7_cortexa9_0/include/xtime_l.h:87:9: note: #pragma message: For the sleep routines, Global timer is being used
 #pragma message ("For the sleep routines, Global timer is being used")
         ^~~~~~~
'Finished building: ../src/mnist_group0.c'
' '
'Building target: mnist_group.elf'
'Invoking: ARM v7 gcc linker'
arm-none-eabi-gcc -mcpu=cortex-a9 -mfpu=vfpv3 -mfloat-abi=hard -Wl,-build-id=none -specs=Xilinx.spec -Wl,-T -Wl,../src/lscript.ld -L../../mnist_group_bsp/ps7_cortexa9_0/lib -o "mnist_group.elf"  ./src/mnist_group0.o ./src/platform.o   -Wl,--start-group,-lxil,-lgcc,-lc,--end-group
'Finished building target: mnist_group.elf'
' '
'Invoking: ARM v7 Print Size'
arm-none-eabi-size mnist_group.elf  |tee "mnist_group.elf.size"
   text	   data	    bss	    dec	    hex	filename
 119712	   1560	  40856	 162128	  27950	mnist_group.elf
'Finished building: mnist_group.elf.size'
' '
22:43:16 **** Incremental Build of configuration Debug for project mnist_group ****
make pre-build main-build 
a9-linaro-pre-build-step
' '
make: Nothing to be done for 'main-build'.
22:48:07 **** Incremental Build of configuration Debug for project mnist_group ****
make pre-build main-build 
a9-linaro-pre-build-step
' '
make: Nothing to be done for 'main-build'.
22:48:13 **** Incremental Build of configuration Debug for project mnist_group ****
make pre-build main-build 
a9-linaro-pre-build-step
' '
make: Nothing to be done for 'main-build'.
22:48:54 **** Auto Build of configuration Debug for project mnist_group ****
make pre-build main-build 
a9-linaro-pre-build-step
' '
'Building file: ../src/mnist_group0.c'
'Invoking: ARM v7 gcc compiler'
arm-none-eabi-gcc -Wall -O0 -g3 -c -fmessage-length=0 -MT"src/mnist_group0.o" -mcpu=cortex-a9 -mfpu=vfpv3 -mfloat-abi=hard -I../../mnist_group_bsp/ps7_cortexa9_0/include -MMD -MP -MF"src/mnist_group0.d" -MT"src/mnist_group0.o" -o "src/mnist_group0.o" "../src/mnist_group0.c"
In file included from ../src/mnist_group0.c:20:
../../mnist_group_bsp/ps7_cortexa9_0/include/xtime_l.h:87:9: note: #pragma message: For the sleep routines, Global timer is being used
 #pragma message ("For the sleep routines, Global timer is being used")
         ^~~~~~~
'Finished building: ../src/mnist_group0.c'
' '
'Building target: mnist_group.elf'
'Invoking: ARM v7 gcc linker'
arm-none-eabi-gcc -mcpu=cortex-a9 -mfpu=vfpv3 -mfloat-abi=hard -Wl,-build-id=none -specs=Xilinx.spec -Wl,-T -Wl,../src/lscript.ld -L../../mnist_group_bsp/ps7_cortexa9_0/lib -o "mnist_group.elf"  ./src/mnist_group0.o ./src/platform.o   -Wl,--start-group,-lxil,-lgcc,-lc,--end-group
'Finished building target: mnist_group.elf'
' '
'Invoking: ARM v7 Print Size'
arm-none-eabi-size mnist_group.elf  |tee "mnist_group.elf.size"
   text	   data	    bss	    dec	    hex	filename
  68424	 103344	  40856	 212624	  33e90	mnist_group.elf
'Finished building: mnist_group.elf.size'
' '
22:48:57 **** Incremental Build of configuration Debug for project mnist_group ****
make pre-build main-build 
a9-linaro-pre-build-step
' '
make: Nothing to be done for 'main-build'.
22:49:10 **** Incremental Build of configuration Debug for project mnist_group ****
make pre-build main-build 
a9-linaro-pre-build-step
' '
make: Nothing to be done for 'main-build'.
23:26:07 **** Auto Build of configuration Debug for project mnist_group ****
make pre-build main-build 
a9-linaro-pre-build-step
' '
'Building file: ../src/mnist_group0.c'
'Invoking: ARM v7 gcc compiler'
arm-none-eabi-gcc -Wall -O0 -g3 -c -fmessage-length=0 -MT"src/mnist_group0.o" -mcpu=cortex-a9 -mfpu=vfpv3 -mfloat-abi=hard -I../../mnist_group_bsp/ps7_cortexa9_0/include -MMD -MP -MF"src/mnist_group0.d" -MT"src/mnist_group0.o" -o "src/mnist_group0.o" "../src/mnist_group0.c"
In file included from ../src/mnist_group0.c:20:
../../mnist_group_bsp/ps7_cortexa9_0/include/xtime_l.h:87:9: note: #pragma message: For the sleep routines, Global timer is being used
 #pragma message ("For the sleep routines, Global timer is being used")
         ^~~~~~~
'Finished building: ../src/mnist_group0.c'
' '
'Building target: mnist_group.elf'
'Invoking: ARM v7 gcc linker'
arm-none-eabi-gcc -mcpu=cortex-a9 -mfpu=vfpv3 -mfloat-abi=hard -Wl,-build-id=none -specs=Xilinx.spec -Wl,-T -Wl,../src/lscript.ld -L../../mnist_group_bsp/ps7_cortexa9_0/lib -o "mnist_group.elf"  ./src/mnist_group0.o ./src/platform.o   -Wl,--start-group,-lxil,-lgcc,-lc,--end-group
'Finished building target: mnist_group.elf'
' '
'Invoking: ARM v7 Print Size'
arm-none-eabi-size mnist_group.elf  |tee "mnist_group.elf.size"
   text	   data	    bss	    dec	    hex	filename
  68424	 103344	  40856	 212624	  33e90	mnist_group.elf
'Finished building: mnist_group.elf.size'
' '
23:30:41 **** Auto Build of configuration Debug for project mnist_group ****
make pre-build main-build 
a9-linaro-pre-build-step
' '
'Building file: ../src/mnist_group0.c'
'Invoking: ARM v7 gcc compiler'
arm-none-eabi-gcc -Wall -O0 -g3 -c -fmessage-length=0 -MT"src/mnist_group0.o" -mcpu=cortex-a9 -mfpu=vfpv3 -mfloat-abi=hard -I../../mnist_group_bsp/ps7_cortexa9_0/include -MMD -MP -MF"src/mnist_group0.d" -MT"src/mnist_group0.o" -o "src/mnist_group0.o" "../src/mnist_group0.c"
In file included from ../src/mnist_group0.c:20:
../../mnist_group_bsp/ps7_cortexa9_0/include/xtime_l.h:87:9: note: #pragma message: For the sleep routines, Global timer is being used
 #pragma message ("For the sleep routines, Global timer is being used")
         ^~~~~~~
'Finished building: ../src/mnist_group0.c'
' '
'Building target: mnist_group.elf'
'Invoking: ARM v7 gcc linker'
arm-none-eabi-gcc -mcpu=cortex-a9 -mfpu=vfpv3 -mfloat-abi=hard -Wl,-build-id=none -specs=Xilinx.spec -Wl,-T -Wl,../src/lscript.ld -L../../mnist_group_bsp/ps7_cortexa9_0/lib -o "mnist_group.elf"  ./src/mnist_group0.o ./src/platform.o   -Wl,--start-group,-lxil,-lgcc,-lc,--end-group
'Finished building target: mnist_group.elf'
' '
'Invoking: ARM v7 Print Size'
arm-none-eabi-size mnist_group.elf  |tee "mnist_group.elf.size"
   text	   data	    bss	    dec	    hex	filename
  68424	 103344	  40856	 212624	  33e90	mnist_group.elf
'Finished building: mnist_group.elf.size'
' '
23:32:02 **** Auto Build of configuration Debug for project mnist_group ****
make pre-build main-build 
a9-linaro-pre-build-step
' '
'Building file: ../src/mnist_group0.c'
'Invoking: ARM v7 gcc compiler'
arm-none-eabi-gcc -Wall -O0 -g3 -c -fmessage-length=0 -MT"src/mnist_group0.o" -mcpu=cortex-a9 -mfpu=vfpv3 -mfloat-abi=hard -I../../mnist_group_bsp/ps7_cortexa9_0/include -MMD -MP -MF"src/mnist_group0.d" -MT"src/mnist_group0.o" -o "src/mnist_group0.o" "../src/mnist_group0.c"
In file included from ../src/mnist_group0.c:20:
../../mnist_group_bsp/ps7_cortexa9_0/include/xtime_l.h:87:9: note: #pragma message: For the sleep routines, Global timer is being used
 #pragma message ("For the sleep routines, Global timer is being used")
         ^~~~~~~
'Finished building: ../src/mnist_group0.c'
' '
'Building target: mnist_group.elf'
'Invoking: ARM v7 gcc linker'
arm-none-eabi-gcc -mcpu=cortex-a9 -mfpu=vfpv3 -mfloat-abi=hard -Wl,-build-id=none -specs=Xilinx.spec -Wl,-T -Wl,../src/lscript.ld -L../../mnist_group_bsp/ps7_cortexa9_0/lib -o "mnist_group.elf"  ./src/mnist_group0.o ./src/platform.o   -Wl,--start-group,-lxil,-lgcc,-lc,--end-group
'Finished building target: mnist_group.elf'
' '
'Invoking: ARM v7 Print Size'
arm-none-eabi-size mnist_group.elf  |tee "mnist_group.elf.size"
   text	   data	    bss	    dec	    hex	filename
  68424	 103344	  40856	 212624	  33e90	mnist_group.elf
'Finished building: mnist_group.elf.size'
' '
00:11:23 **** Auto Build of project mnist_bsp ****
make -k all 
make: *** No rule to make target 'all'.
00:11:23 **** Auto Build of project mnist_group_bsp ****
make -k all 
make: *** No rule to make target 'all'.
