22:11:04 **** Auto Build of configuration Debug for project histogram ****
make pre-build main-build 
a9-linaro-pre-build-step
' '
'Building file: ../src/main.c'
'Invoking: ARM v7 gcc compiler'
arm-none-eabi-gcc -Wall -O0 -g3 -c -fmessage-length=0 -MT"src/main.o" -mcpu=cortex-a9 -mfpu=vfpv3 -mfloat-abi=hard -I../../histogram_bsp/ps7_cortexa9_0/include -MMD -MP -MF"src/main.d" -MT"src/main.o" -o "src/main.o" "../src/main.c"
'Finished building: ../src/main.c'
' '
'Building target: histogram.elf'
'Invoking: ARM v7 gcc linker'
arm-none-eabi-gcc -mcpu=cortex-a9 -mfpu=vfpv3 -mfloat-abi=hard -Wl,-build-id=none -specs=Xilinx.spec -Wl,-T -Wl,../src/lscript.ld -L../../histogram_bsp/ps7_cortexa9_0/lib -o "histogram.elf"  ./src/main.o ./src/platform.o   -Wl,--start-group,-lxil,-lgcc,-lc,--end-group
'Finished building target: histogram.elf'
' '
'Invoking: ARM v7 Print Size'
arm-none-eabi-size histogram.elf  |tee "histogram.elf.size"
   text	   data	    bss	    dec	    hex	filename
  23296	   1160	 809016	 833472	  cb7c0	histogram.elf
'Finished building: histogram.elf.size'
' '

22:11:05 Build Finished (took 596ms)

