22:11:54 **** Auto Build of configuration Debug for project hist_equalized ****
make pre-build main-build 
a9-linaro-pre-build-step
' '
'Building file: ../src/main.c'
'Invoking: ARM v7 gcc compiler'
arm-none-eabi-gcc -Wall -O0 -g3 -c -fmessage-length=0 -MT"src/main.o" -mcpu=cortex-a9 -mfpu=vfpv3 -mfloat-abi=hard -I../../hist_equalized_bsp/ps7_cortexa9_0/include -MMD -MP -MF"src/main.d" -MT"src/main.o" -o "src/main.o" "../src/main.c"
'Finished building: ../src/main.c'
' '
'Building target: hist_equalized.elf'
'Invoking: ARM v7 gcc linker'
arm-none-eabi-gcc -mcpu=cortex-a9 -mfpu=vfpv3 -mfloat-abi=hard -Wl,-build-id=none -specs=Xilinx.spec -Wl,-T -Wl,../src/lscript.ld -L../../hist_equalized_bsp/ps7_cortexa9_0/lib -o "hist_equalized.elf"  ./src/main.o ./src/platform.o   -Wl,--start-group,-lxil,-lgcc,-lc,--end-group
'Finished building target: hist_equalized.elf'
' '
'Invoking: ARM v7 Print Size'
arm-none-eabi-size hist_equalized.elf  |tee "hist_equalized.elf.size"
   text	   data	    bss	    dec	    hex	filename
  23592	   1160	 809016	 833768	  cb8e8	hist_equalized.elf
'Finished building: hist_equalized.elf.size'
' '

22:11:55 Build Finished (took 643ms)

