23:32:02 **** Auto Build of configuration Debug for project mnist_group ****
make pre-build main-build 
a9-linaro-pre-build-step
' '
'Building file: ../src/mnist_group0.c'
'Invoking: ARM v7 gcc compiler'
arm-none-eabi-gcc -Wall -O0 -g3 -c -fmessage-length=0 -MT"src/mnist_group0.o" -mcpu=cortex-a9 -mfpu=vfpv3 -mfloat-abi=hard -I../../mnist_group_bsp/ps7_cortexa9_0/include -MMD -MP -MF"src/mnist_group0.d" -MT"src/mnist_group0.o" -o "src/mnist_group0.o" "../src/mnist_group0.c"
In file included from ../src/mnist_group0.c:20:
../../mnist_group_bsp/ps7_cortexa9_0/include/xtime_l.h:87:9: note: #pragma message: For the sleep routines, Global timer is being used
 #pragma message ("For the sleep routines, Global timer is being used")
         ^~~~~~~
'Finished building: ../src/mnist_group0.c'
' '
'Building target: mnist_group.elf'
'Invoking: ARM v7 gcc linker'
arm-none-eabi-gcc -mcpu=cortex-a9 -mfpu=vfpv3 -mfloat-abi=hard -Wl,-build-id=none -specs=Xilinx.spec -Wl,-T -Wl,../src/lscript.ld -L../../mnist_group_bsp/ps7_cortexa9_0/lib -o "mnist_group.elf"  ./src/mnist_group0.o ./src/platform.o   -Wl,--start-group,-lxil,-lgcc,-lc,--end-group
'Finished building target: mnist_group.elf'
' '
'Invoking: ARM v7 Print Size'
arm-none-eabi-size mnist_group.elf  |tee "mnist_group.elf.size"
   text	   data	    bss	    dec	    hex	filename
  68424	 103344	  40856	 212624	  33e90	mnist_group.elf
'Finished building: mnist_group.elf.size'
' '

23:32:03 Build Finished (took 777ms)

