22:12:01 **** Auto Build of configuration Debug for project negative ****
make pre-build main-build 
a9-linaro-pre-build-step
' '
'Building file: ../src/main.c'
'Invoking: ARM v7 gcc compiler'
arm-none-eabi-gcc -Wall -O0 -g3 -c -fmessage-length=0 -MT"src/main.o" -mcpu=cortex-a9 -mfpu=vfpv3 -mfloat-abi=hard -I../../negative_bsp/ps7_cortexa9_0/include -MMD -MP -MF"src/main.d" -MT"src/main.o" -o "src/main.o" "../src/main.c"
'Finished building: ../src/main.c'
' '
'Building target: negative.elf'
'Invoking: ARM v7 gcc linker'
arm-none-eabi-gcc -mcpu=cortex-a9 -mfpu=vfpv3 -mfloat-abi=hard -Wl,-build-id=none -specs=Xilinx.spec -Wl,-T -Wl,../src/lscript.ld -L../../negative_bsp/ps7_cortexa9_0/lib -o "negative.elf"  ./src/main.o ./src/platform.o   -Wl,--start-group,-lxil,-lgcc,-lc,--end-group
'Finished building target: negative.elf'
' '
'Invoking: ARM v7 Print Size'
arm-none-eabi-size negative.elf  |tee "negative.elf.size"
   text	   data	    bss	    dec	    hex	filename
  21920	   1160	  71752	  94832	  17270	negative.elf
'Finished building: negative.elf.size'
' '

22:12:01 Build Finished (took 585ms)

