17:36:48 INFO  : Registering command handlers for SDK TCF services
17:36:48 INFO  : Launching XSCT server: xsct.bat -interactive C:\Users\super\OneDrive\Desktop\Universita\aes\assignment_2\temp_xsdb_launch_script.tcl
17:36:50 INFO  : XSCT server has started successfully.
17:36:50 INFO  : Successfully done setting XSCT server connection channel  
17:36:50 INFO  : Successfully done setting SDK workspace  
22:38:26 INFO  : Launching XSCT server: xsct.bat -interactive C:\Users\super\OneDrive\Desktop\Universita\aes\assignment_2\temp_xsdb_launch_script.tcl
22:38:29 INFO  : XSCT server has started successfully.
22:38:29 INFO  : Successfully done setting XSCT server connection channel  
22:38:32 INFO  : Successfully done setting SDK workspace  
22:38:37 INFO  : Registering command handlers for SDK TCF services
16:41:05 INFO  : Registering command handlers for SDK TCF services
16:41:06 INFO  : Launching XSCT server: xsct.bat -interactive C:\Users\super\OneDrive\Desktop\Universita\aes\assignment_2\temp_xsdb_launch_script.tcl
16:41:09 INFO  : XSCT server has started successfully.
16:41:12 INFO  : Successfully done setting XSCT server connection channel  
16:41:12 INFO  : Successfully done setting SDK workspace  
16:45:38 INFO  : 'targets -set -filter {jtag_cable_name =~ "Digilent Zybo Z7 210351B0FC9BA" && level==0} -index 1' command is executed.
16:45:38 INFO  : 'fpga -state' command is executed.
16:45:44 INFO  : Memory regions updated for context APU
16:45:51 INFO  : Connected to target on host '127.0.0.1' and port '3121'.
16:45:51 INFO  : 'targets -set -filter {jtag_cable_name =~ "Digilent Zybo Z7 210351B0FC9BA" && level==0} -index 1' command is executed.
16:45:52 INFO  : FPGA configured successfully with bitstream "C:/Users/super/OneDrive/Desktop/Universita/aes/assignment_2/image_uart_Z7.sdk/design_1_wrapper_hw_platform_0/design_1_wrapper.bit"
16:45:56 INFO  : 'targets -set -filter {jtag_cable_name =~ "Digilent Zybo Z7 210351B0FC9BA" && level==0} -index 1' command is executed.
16:45:56 INFO  : 'fpga -state' command is executed.
16:45:56 INFO  : Connected to target on host '127.0.0.1' and port '3121'.
16:45:56 INFO  : Jtag cable 'Digilent Zybo Z7 210351B0FC9BA' is selected.
16:45:56 INFO  : 'jtag frequency' command is executed.
16:45:56 INFO  : Sourcing of 'C:/Users/super/OneDrive/Desktop/Universita/aes/assignment_2/image_uart_Z7.sdk/design_1_wrapper_hw_platform_0/ps7_init.tcl' is done.
16:45:56 INFO  : Context for 'APU' is selected.
16:45:56 INFO  : Hardware design information is loaded from 'C:/Users/super/OneDrive/Desktop/Universita/aes/assignment_2/image_uart_Z7.sdk/design_1_wrapper_hw_platform_0/system.hdf'.
16:45:56 INFO  : 'configparams force-mem-access 1' command is executed.
16:45:56 INFO  : Context for 'APU' is selected.
16:45:56 INFO  : 'stop' command is executed.
16:45:56 INFO  : 'ps7_init' command is executed.
16:45:56 INFO  : 'ps7_post_config' command is executed.
16:45:56 INFO  : Context for processor 'ps7_cortexa9_0' is selected.
16:45:56 INFO  : Processor reset is completed for 'ps7_cortexa9_0'.
16:45:56 INFO  : Context for processor 'ps7_cortexa9_0' is selected.
16:45:56 INFO  : The application 'C:/Users/super/OneDrive/Desktop/Universita/aes/assignment_2/mnist/Debug/mnist.elf' is downloaded to processor 'ps7_cortexa9_0'.
16:45:56 INFO  : 'configparams force-mem-access 0' command is executed.
16:45:56 INFO  : ----------------XSDB Script----------------
connect -url tcp:127.0.0.1:3121
source C:/Users/super/OneDrive/Desktop/Universita/aes/assignment_2/image_uart_Z7.sdk/design_1_wrapper_hw_platform_0/ps7_init.tcl
targets -set -nocase -filter {name =~"APU*" && jtag_cable_name =~ "Digilent Zybo Z7 210351B0FC9BA"} -index 0
loadhw -hw C:/Users/super/OneDrive/Desktop/Universita/aes/assignment_2/image_uart_Z7.sdk/design_1_wrapper_hw_platform_0/system.hdf -mem-ranges [list {0x40000000 0xbfffffff}]
configparams force-mem-access 1
targets -set -nocase -filter {name =~"APU*" && jtag_cable_name =~ "Digilent Zybo Z7 210351B0FC9BA"} -index 0
stop
ps7_init
ps7_post_config
targets -set -nocase -filter {name =~ "ARM*#0" && jtag_cable_name =~ "Digilent Zybo Z7 210351B0FC9BA"} -index 0
rst -processor
targets -set -nocase -filter {name =~ "ARM*#0" && jtag_cable_name =~ "Digilent Zybo Z7 210351B0FC9BA"} -index 0
dow C:/Users/super/OneDrive/Desktop/Universita/aes/assignment_2/mnist/Debug/mnist.elf
configparams force-mem-access 0
----------------End of Script----------------

16:45:56 INFO  : Memory regions updated for context APU
16:45:57 INFO  : Context for processor 'ps7_cortexa9_0' is selected.
16:45:57 INFO  : 'con' command is executed.
16:45:57 INFO  : ----------------XSDB Script (After Launch)----------------
targets -set -nocase -filter {name =~ "ARM*#0" && jtag_cable_name =~ "Digilent Zybo Z7 210351B0FC9BA"} -index 0
con
----------------End of Script----------------

16:45:57 INFO  : Launch script is exported to file 'C:\Users\super\OneDrive\Desktop\Universita\aes\assignment_2\.sdk\launch_scripts\xilinx_c-c++_application_(system_debugger)\system_debugger_using_debug_mnist.elf_on_local.tcl'
16:46:26 INFO  : Disconnected from the channel tcfchan#1.
16:46:27 INFO  : 'targets -set -filter {jtag_cable_name =~ "Digilent Zybo Z7 210351B0FC9BA" && level==0} -index 1' command is executed.
16:46:27 INFO  : 'fpga -state' command is executed.
16:46:27 INFO  : Connected to target on host '127.0.0.1' and port '3121'.
16:46:27 INFO  : Jtag cable 'Digilent Zybo Z7 210351B0FC9BA' is selected.
16:46:27 INFO  : 'jtag frequency' command is executed.
16:46:27 INFO  : Sourcing of 'C:/Users/super/OneDrive/Desktop/Universita/aes/assignment_2/image_uart_Z7.sdk/design_1_wrapper_hw_platform_0/ps7_init.tcl' is done.
16:46:27 INFO  : Context for 'APU' is selected.
16:46:28 INFO  : Hardware design information is loaded from 'C:/Users/super/OneDrive/Desktop/Universita/aes/assignment_2/image_uart_Z7.sdk/design_1_wrapper_hw_platform_0/system.hdf'.
16:46:28 INFO  : 'configparams force-mem-access 1' command is executed.
16:46:28 INFO  : Context for 'APU' is selected.
16:46:28 INFO  : 'stop' command is executed.
16:46:29 INFO  : 'ps7_init' command is executed.
16:46:29 INFO  : 'ps7_post_config' command is executed.
16:46:29 INFO  : Context for processor 'ps7_cortexa9_0' is selected.
16:46:29 INFO  : Processor reset is completed for 'ps7_cortexa9_0'.
16:46:29 INFO  : Context for processor 'ps7_cortexa9_0' is selected.
16:46:29 INFO  : The application 'C:/Users/super/OneDrive/Desktop/Universita/aes/assignment_2/mnist/Debug/mnist.elf' is downloaded to processor 'ps7_cortexa9_0'.
16:46:29 INFO  : 'configparams force-mem-access 0' command is executed.
16:46:29 INFO  : ----------------XSDB Script----------------
connect -url tcp:127.0.0.1:3121
source C:/Users/super/OneDrive/Desktop/Universita/aes/assignment_2/image_uart_Z7.sdk/design_1_wrapper_hw_platform_0/ps7_init.tcl
targets -set -nocase -filter {name =~"APU*" && jtag_cable_name =~ "Digilent Zybo Z7 210351B0FC9BA"} -index 0
loadhw -hw C:/Users/super/OneDrive/Desktop/Universita/aes/assignment_2/image_uart_Z7.sdk/design_1_wrapper_hw_platform_0/system.hdf -mem-ranges [list {0x40000000 0xbfffffff}]
configparams force-mem-access 1
targets -set -nocase -filter {name =~"APU*" && jtag_cable_name =~ "Digilent Zybo Z7 210351B0FC9BA"} -index 0
stop
ps7_init
ps7_post_config
targets -set -nocase -filter {name =~ "ARM*#0" && jtag_cable_name =~ "Digilent Zybo Z7 210351B0FC9BA"} -index 0
rst -processor
targets -set -nocase -filter {name =~ "ARM*#0" && jtag_cable_name =~ "Digilent Zybo Z7 210351B0FC9BA"} -index 0
dow C:/Users/super/OneDrive/Desktop/Universita/aes/assignment_2/mnist/Debug/mnist.elf
configparams force-mem-access 0
----------------End of Script----------------

16:46:29 INFO  : Memory regions updated for context APU
16:46:29 INFO  : Context for processor 'ps7_cortexa9_0' is selected.
16:46:29 INFO  : 'con' command is executed.
16:46:29 INFO  : ----------------XSDB Script (After Launch)----------------
targets -set -nocase -filter {name =~ "ARM*#0" && jtag_cable_name =~ "Digilent Zybo Z7 210351B0FC9BA"} -index 0
con
----------------End of Script----------------

16:46:29 INFO  : Launch script is exported to file 'C:\Users\super\OneDrive\Desktop\Universita\aes\assignment_2\.sdk\launch_scripts\xilinx_c-c++_application_(system_debugger)\system_debugger_using_debug_mnist.elf_on_local.tcl'
16:46:36 INFO  : Disconnected from the channel tcfchan#2.
16:46:37 INFO  : 'targets -set -filter {jtag_cable_name =~ "Digilent Zybo Z7 210351B0FC9BA" && level==0} -index 1' command is executed.
16:46:37 INFO  : 'fpga -state' command is executed.
16:46:37 INFO  : Connected to target on host '127.0.0.1' and port '3121'.
16:46:38 INFO  : Jtag cable 'Digilent Zybo Z7 210351B0FC9BA' is selected.
16:46:38 INFO  : 'jtag frequency' command is executed.
16:46:38 INFO  : Sourcing of 'C:/Users/super/OneDrive/Desktop/Universita/aes/assignment_2/image_uart_Z7.sdk/design_1_wrapper_hw_platform_0/ps7_init.tcl' is done.
16:46:38 INFO  : Context for 'APU' is selected.
16:46:38 INFO  : Hardware design information is loaded from 'C:/Users/super/OneDrive/Desktop/Universita/aes/assignment_2/image_uart_Z7.sdk/design_1_wrapper_hw_platform_0/system.hdf'.
16:46:38 INFO  : 'configparams force-mem-access 1' command is executed.
16:46:38 INFO  : Context for 'APU' is selected.
16:46:38 INFO  : 'stop' command is executed.
16:46:39 INFO  : 'ps7_init' command is executed.
16:46:39 INFO  : 'ps7_post_config' command is executed.
16:46:39 INFO  : Context for processor 'ps7_cortexa9_0' is selected.
16:46:39 INFO  : Processor reset is completed for 'ps7_cortexa9_0'.
16:46:39 INFO  : Context for processor 'ps7_cortexa9_0' is selected.
16:46:39 INFO  : The application 'C:/Users/super/OneDrive/Desktop/Universita/aes/assignment_2/mnist/Debug/mnist.elf' is downloaded to processor 'ps7_cortexa9_0'.
16:46:39 INFO  : 'configparams force-mem-access 0' command is executed.
16:46:39 INFO  : ----------------XSDB Script----------------
connect -url tcp:127.0.0.1:3121
source C:/Users/super/OneDrive/Desktop/Universita/aes/assignment_2/image_uart_Z7.sdk/design_1_wrapper_hw_platform_0/ps7_init.tcl
targets -set -nocase -filter {name =~"APU*" && jtag_cable_name =~ "Digilent Zybo Z7 210351B0FC9BA"} -index 0
loadhw -hw C:/Users/super/OneDrive/Desktop/Universita/aes/assignment_2/image_uart_Z7.sdk/design_1_wrapper_hw_platform_0/system.hdf -mem-ranges [list {0x40000000 0xbfffffff}]
configparams force-mem-access 1
targets -set -nocase -filter {name =~"APU*" && jtag_cable_name =~ "Digilent Zybo Z7 210351B0FC9BA"} -index 0
stop
ps7_init
ps7_post_config
targets -set -nocase -filter {name =~ "ARM*#0" && jtag_cable_name =~ "Digilent Zybo Z7 210351B0FC9BA"} -index 0
rst -processor
targets -set -nocase -filter {name =~ "ARM*#0" && jtag_cable_name =~ "Digilent Zybo Z7 210351B0FC9BA"} -index 0
dow C:/Users/super/OneDrive/Desktop/Universita/aes/assignment_2/mnist/Debug/mnist.elf
configparams force-mem-access 0
----------------End of Script----------------

16:46:39 INFO  : Memory regions updated for context APU
16:46:39 INFO  : Context for processor 'ps7_cortexa9_0' is selected.
16:46:39 INFO  : 'con' command is executed.
16:46:39 INFO  : ----------------XSDB Script (After Launch)----------------
targets -set -nocase -filter {name =~ "ARM*#0" && jtag_cable_name =~ "Digilent Zybo Z7 210351B0FC9BA"} -index 0
con
----------------End of Script----------------

16:46:39 INFO  : Launch script is exported to file 'C:\Users\super\OneDrive\Desktop\Universita\aes\assignment_2\.sdk\launch_scripts\xilinx_c-c++_application_(system_debugger)\system_debugger_using_debug_mnist.elf_on_local.tcl'
16:46:53 INFO  : Disconnected from the channel tcfchan#3.
16:46:54 INFO  : 'targets -set -filter {jtag_cable_name =~ "Digilent Zybo Z7 210351B0FC9BA" && level==0} -index 1' command is executed.
16:46:54 INFO  : 'fpga -state' command is executed.
16:46:54 INFO  : Connected to target on host '127.0.0.1' and port '3121'.
16:46:54 INFO  : Jtag cable 'Digilent Zybo Z7 210351B0FC9BA' is selected.
16:46:54 INFO  : 'jtag frequency' command is executed.
16:46:54 INFO  : Sourcing of 'C:/Users/super/OneDrive/Desktop/Universita/aes/assignment_2/image_uart_Z7.sdk/design_1_wrapper_hw_platform_0/ps7_init.tcl' is done.
16:46:54 INFO  : Context for 'APU' is selected.
16:46:55 INFO  : Hardware design information is loaded from 'C:/Users/super/OneDrive/Desktop/Universita/aes/assignment_2/image_uart_Z7.sdk/design_1_wrapper_hw_platform_0/system.hdf'.
16:46:55 INFO  : 'configparams force-mem-access 1' command is executed.
16:46:55 INFO  : Context for 'APU' is selected.
16:46:55 INFO  : 'stop' command is executed.
16:46:55 INFO  : 'ps7_init' command is executed.
16:46:55 INFO  : 'ps7_post_config' command is executed.
16:46:55 INFO  : Context for processor 'ps7_cortexa9_0' is selected.
16:46:55 INFO  : Processor reset is completed for 'ps7_cortexa9_0'.
16:46:55 INFO  : Context for processor 'ps7_cortexa9_0' is selected.
16:46:55 INFO  : The application 'C:/Users/super/OneDrive/Desktop/Universita/aes/assignment_2/mnist/Debug/mnist.elf' is downloaded to processor 'ps7_cortexa9_0'.
16:46:55 INFO  : 'configparams force-mem-access 0' command is executed.
16:46:55 INFO  : ----------------XSDB Script----------------
connect -url tcp:127.0.0.1:3121
source C:/Users/super/OneDrive/Desktop/Universita/aes/assignment_2/image_uart_Z7.sdk/design_1_wrapper_hw_platform_0/ps7_init.tcl
targets -set -nocase -filter {name =~"APU*" && jtag_cable_name =~ "Digilent Zybo Z7 210351B0FC9BA"} -index 0
loadhw -hw C:/Users/super/OneDrive/Desktop/Universita/aes/assignment_2/image_uart_Z7.sdk/design_1_wrapper_hw_platform_0/system.hdf -mem-ranges [list {0x40000000 0xbfffffff}]
configparams force-mem-access 1
targets -set -nocase -filter {name =~"APU*" && jtag_cable_name =~ "Digilent Zybo Z7 210351B0FC9BA"} -index 0
stop
ps7_init
ps7_post_config
targets -set -nocase -filter {name =~ "ARM*#0" && jtag_cable_name =~ "Digilent Zybo Z7 210351B0FC9BA"} -index 0
rst -processor
targets -set -nocase -filter {name =~ "ARM*#0" && jtag_cable_name =~ "Digilent Zybo Z7 210351B0FC9BA"} -index 0
dow C:/Users/super/OneDrive/Desktop/Universita/aes/assignment_2/mnist/Debug/mnist.elf
configparams force-mem-access 0
----------------End of Script----------------

16:46:56 INFO  : Memory regions updated for context APU
16:46:56 INFO  : Context for processor 'ps7_cortexa9_0' is selected.
16:46:56 INFO  : 'con' command is executed.
16:46:56 INFO  : ----------------XSDB Script (After Launch)----------------
targets -set -nocase -filter {name =~ "ARM*#0" && jtag_cable_name =~ "Digilent Zybo Z7 210351B0FC9BA"} -index 0
con
----------------End of Script----------------

16:46:56 INFO  : Launch script is exported to file 'C:\Users\super\OneDrive\Desktop\Universita\aes\assignment_2\.sdk\launch_scripts\xilinx_c-c++_application_(system_debugger)\system_debugger_using_debug_mnist.elf_on_local.tcl'
17:35:37 INFO  : Disconnected from the channel tcfchan#4.
17:35:38 INFO  : 'targets -set -filter {jtag_cable_name =~ "Digilent Zybo Z7 210351B0FC9BA" && level==0} -index 1' command is executed.
17:35:38 INFO  : 'fpga -state' command is executed.
17:35:38 INFO  : Connected to target on host '127.0.0.1' and port '3121'.
17:35:38 INFO  : Jtag cable 'Digilent Zybo Z7 210351B0FC9BA' is selected.
17:35:38 INFO  : 'jtag frequency' command is executed.
17:35:38 INFO  : Sourcing of 'C:/Users/super/OneDrive/Desktop/Universita/aes/assignment_2/image_uart_Z7.sdk/design_1_wrapper_hw_platform_0/ps7_init.tcl' is done.
17:35:38 INFO  : Context for 'APU' is selected.
17:35:39 INFO  : Hardware design information is loaded from 'C:/Users/super/OneDrive/Desktop/Universita/aes/assignment_2/image_uart_Z7.sdk/design_1_wrapper_hw_platform_0/system.hdf'.
17:35:39 INFO  : 'configparams force-mem-access 1' command is executed.
17:35:39 INFO  : Context for 'APU' is selected.
17:35:39 INFO  : 'stop' command is executed.
17:35:39 INFO  : 'ps7_init' command is executed.
17:35:39 INFO  : 'ps7_post_config' command is executed.
17:35:39 INFO  : Context for processor 'ps7_cortexa9_0' is selected.
17:35:39 INFO  : Processor reset is completed for 'ps7_cortexa9_0'.
17:35:39 INFO  : Context for processor 'ps7_cortexa9_0' is selected.
17:35:39 INFO  : The application 'C:/Users/super/OneDrive/Desktop/Universita/aes/assignment_2/mnist/Debug/mnist.elf' is downloaded to processor 'ps7_cortexa9_0'.
17:35:39 INFO  : 'configparams force-mem-access 0' command is executed.
17:35:39 INFO  : ----------------XSDB Script----------------
connect -url tcp:127.0.0.1:3121
source C:/Users/super/OneDrive/Desktop/Universita/aes/assignment_2/image_uart_Z7.sdk/design_1_wrapper_hw_platform_0/ps7_init.tcl
targets -set -nocase -filter {name =~"APU*" && jtag_cable_name =~ "Digilent Zybo Z7 210351B0FC9BA"} -index 0
loadhw -hw C:/Users/super/OneDrive/Desktop/Universita/aes/assignment_2/image_uart_Z7.sdk/design_1_wrapper_hw_platform_0/system.hdf -mem-ranges [list {0x40000000 0xbfffffff}]
configparams force-mem-access 1
targets -set -nocase -filter {name =~"APU*" && jtag_cable_name =~ "Digilent Zybo Z7 210351B0FC9BA"} -index 0
stop
ps7_init
ps7_post_config
targets -set -nocase -filter {name =~ "ARM*#0" && jtag_cable_name =~ "Digilent Zybo Z7 210351B0FC9BA"} -index 0
rst -processor
targets -set -nocase -filter {name =~ "ARM*#0" && jtag_cable_name =~ "Digilent Zybo Z7 210351B0FC9BA"} -index 0
dow C:/Users/super/OneDrive/Desktop/Universita/aes/assignment_2/mnist/Debug/mnist.elf
configparams force-mem-access 0
----------------End of Script----------------

17:35:39 INFO  : Memory regions updated for context APU
17:35:39 INFO  : Context for processor 'ps7_cortexa9_0' is selected.
17:35:39 INFO  : 'con' command is executed.
17:35:39 INFO  : ----------------XSDB Script (After Launch)----------------
targets -set -nocase -filter {name =~ "ARM*#0" && jtag_cable_name =~ "Digilent Zybo Z7 210351B0FC9BA"} -index 0
con
----------------End of Script----------------

17:35:39 INFO  : Launch script is exported to file 'C:\Users\super\OneDrive\Desktop\Universita\aes\assignment_2\.sdk\launch_scripts\xilinx_c-c++_application_(system_debugger)\system_debugger_using_debug_mnist.elf_on_local.tcl'
17:44:12 INFO  : Disconnected from the channel tcfchan#5.
17:44:13 INFO  : 'targets -set -filter {jtag_cable_name =~ "Digilent Zybo Z7 210351B0FC9BA" && level==0} -index 1' command is executed.
17:44:13 INFO  : 'fpga -state' command is executed.
17:44:13 INFO  : Connected to target on host '127.0.0.1' and port '3121'.
17:44:13 INFO  : Jtag cable 'Digilent Zybo Z7 210351B0FC9BA' is selected.
17:44:13 INFO  : 'jtag frequency' command is executed.
17:44:13 INFO  : Sourcing of 'C:/Users/super/OneDrive/Desktop/Universita/aes/assignment_2/image_uart_Z7.sdk/design_1_wrapper_hw_platform_0/ps7_init.tcl' is done.
17:44:13 INFO  : Context for 'APU' is selected.
17:44:14 INFO  : Hardware design information is loaded from 'C:/Users/super/OneDrive/Desktop/Universita/aes/assignment_2/image_uart_Z7.sdk/design_1_wrapper_hw_platform_0/system.hdf'.
17:44:14 INFO  : 'configparams force-mem-access 1' command is executed.
17:44:14 INFO  : Context for 'APU' is selected.
17:44:14 INFO  : 'stop' command is executed.
17:44:14 INFO  : 'ps7_init' command is executed.
17:44:14 INFO  : 'ps7_post_config' command is executed.
17:44:14 INFO  : Context for processor 'ps7_cortexa9_0' is selected.
17:44:15 INFO  : Processor reset is completed for 'ps7_cortexa9_0'.
17:44:15 INFO  : Context for processor 'ps7_cortexa9_0' is selected.
17:44:15 INFO  : The application 'C:/Users/super/OneDrive/Desktop/Universita/aes/assignment_2/mnist/Debug/mnist.elf' is downloaded to processor 'ps7_cortexa9_0'.
17:44:15 INFO  : 'configparams force-mem-access 0' command is executed.
17:44:15 INFO  : ----------------XSDB Script----------------
connect -url tcp:127.0.0.1:3121
source C:/Users/super/OneDrive/Desktop/Universita/aes/assignment_2/image_uart_Z7.sdk/design_1_wrapper_hw_platform_0/ps7_init.tcl
targets -set -nocase -filter {name =~"APU*" && jtag_cable_name =~ "Digilent Zybo Z7 210351B0FC9BA"} -index 0
loadhw -hw C:/Users/super/OneDrive/Desktop/Universita/aes/assignment_2/image_uart_Z7.sdk/design_1_wrapper_hw_platform_0/system.hdf -mem-ranges [list {0x40000000 0xbfffffff}]
configparams force-mem-access 1
targets -set -nocase -filter {name =~"APU*" && jtag_cable_name =~ "Digilent Zybo Z7 210351B0FC9BA"} -index 0
stop
ps7_init
ps7_post_config
targets -set -nocase -filter {name =~ "ARM*#0" && jtag_cable_name =~ "Digilent Zybo Z7 210351B0FC9BA"} -index 0
rst -processor
targets -set -nocase -filter {name =~ "ARM*#0" && jtag_cable_name =~ "Digilent Zybo Z7 210351B0FC9BA"} -index 0
dow C:/Users/super/OneDrive/Desktop/Universita/aes/assignment_2/mnist/Debug/mnist.elf
configparams force-mem-access 0
----------------End of Script----------------

17:44:15 INFO  : Memory regions updated for context APU
17:44:15 INFO  : Context for processor 'ps7_cortexa9_0' is selected.
17:44:15 INFO  : 'con' command is executed.
17:44:15 INFO  : ----------------XSDB Script (After Launch)----------------
targets -set -nocase -filter {name =~ "ARM*#0" && jtag_cable_name =~ "Digilent Zybo Z7 210351B0FC9BA"} -index 0
con
----------------End of Script----------------

17:44:15 INFO  : Launch script is exported to file 'C:\Users\super\OneDrive\Desktop\Universita\aes\assignment_2\.sdk\launch_scripts\xilinx_c-c++_application_(system_debugger)\system_debugger_using_debug_mnist.elf_on_local.tcl'
17:45:09 INFO  : Disconnected from the channel tcfchan#6.
17:45:10 INFO  : 'targets -set -filter {jtag_cable_name =~ "Digilent Zybo Z7 210351B0FC9BA" && level==0} -index 1' command is executed.
17:45:10 INFO  : 'fpga -state' command is executed.
17:45:10 INFO  : Connected to target on host '127.0.0.1' and port '3121'.
17:45:10 INFO  : Jtag cable 'Digilent Zybo Z7 210351B0FC9BA' is selected.
17:45:10 INFO  : 'jtag frequency' command is executed.
17:45:10 INFO  : Sourcing of 'C:/Users/super/OneDrive/Desktop/Universita/aes/assignment_2/image_uart_Z7.sdk/design_1_wrapper_hw_platform_0/ps7_init.tcl' is done.
17:45:10 INFO  : Context for 'APU' is selected.
17:45:11 INFO  : Hardware design information is loaded from 'C:/Users/super/OneDrive/Desktop/Universita/aes/assignment_2/image_uart_Z7.sdk/design_1_wrapper_hw_platform_0/system.hdf'.
17:45:11 INFO  : 'configparams force-mem-access 1' command is executed.
17:45:11 INFO  : Context for 'APU' is selected.
17:45:11 INFO  : 'stop' command is executed.
17:45:12 INFO  : 'ps7_init' command is executed.
17:45:12 INFO  : 'ps7_post_config' command is executed.
17:45:12 INFO  : Context for processor 'ps7_cortexa9_0' is selected.
17:45:12 INFO  : Processor reset is completed for 'ps7_cortexa9_0'.
17:45:12 INFO  : Context for processor 'ps7_cortexa9_0' is selected.
17:45:12 INFO  : The application 'C:/Users/super/OneDrive/Desktop/Universita/aes/assignment_2/mnist/Debug/mnist.elf' is downloaded to processor 'ps7_cortexa9_0'.
17:45:12 INFO  : 'configparams force-mem-access 0' command is executed.
17:45:12 INFO  : ----------------XSDB Script----------------
connect -url tcp:127.0.0.1:3121
source C:/Users/super/OneDrive/Desktop/Universita/aes/assignment_2/image_uart_Z7.sdk/design_1_wrapper_hw_platform_0/ps7_init.tcl
targets -set -nocase -filter {name =~"APU*" && jtag_cable_name =~ "Digilent Zybo Z7 210351B0FC9BA"} -index 0
loadhw -hw C:/Users/super/OneDrive/Desktop/Universita/aes/assignment_2/image_uart_Z7.sdk/design_1_wrapper_hw_platform_0/system.hdf -mem-ranges [list {0x40000000 0xbfffffff}]
configparams force-mem-access 1
targets -set -nocase -filter {name =~"APU*" && jtag_cable_name =~ "Digilent Zybo Z7 210351B0FC9BA"} -index 0
stop
ps7_init
ps7_post_config
targets -set -nocase -filter {name =~ "ARM*#0" && jtag_cable_name =~ "Digilent Zybo Z7 210351B0FC9BA"} -index 0
rst -processor
targets -set -nocase -filter {name =~ "ARM*#0" && jtag_cable_name =~ "Digilent Zybo Z7 210351B0FC9BA"} -index 0
dow C:/Users/super/OneDrive/Desktop/Universita/aes/assignment_2/mnist/Debug/mnist.elf
configparams force-mem-access 0
----------------End of Script----------------

17:45:12 INFO  : Memory regions updated for context APU
17:45:12 INFO  : Context for processor 'ps7_cortexa9_0' is selected.
17:45:12 INFO  : 'con' command is executed.
17:45:12 INFO  : ----------------XSDB Script (After Launch)----------------
targets -set -nocase -filter {name =~ "ARM*#0" && jtag_cable_name =~ "Digilent Zybo Z7 210351B0FC9BA"} -index 0
con
----------------End of Script----------------

17:45:12 INFO  : Launch script is exported to file 'C:\Users\super\OneDrive\Desktop\Universita\aes\assignment_2\.sdk\launch_scripts\xilinx_c-c++_application_(system_debugger)\system_debugger_using_debug_mnist.elf_on_local.tcl'
21:31:45 INFO  : Disconnected from the channel tcfchan#7.
21:31:46 INFO  : 'targets -set -filter {jtag_cable_name =~ "Digilent Zybo Z7 210351B0FC9BA" && level==0} -index 1' command is executed.
21:31:46 INFO  : 'fpga -state' command is executed.
21:31:46 INFO  : Connected to target on host '127.0.0.1' and port '3121'.
21:31:46 INFO  : Jtag cable 'Digilent Zybo Z7 210351B0FC9BA' is selected.
21:31:46 INFO  : 'jtag frequency' command is executed.
21:31:46 INFO  : Sourcing of 'C:/Users/super/OneDrive/Desktop/Universita/aes/assignment_2/image_uart_Z7.sdk/design_1_wrapper_hw_platform_0/ps7_init.tcl' is done.
21:31:46 INFO  : Context for 'APU' is selected.
21:31:47 INFO  : Hardware design information is loaded from 'C:/Users/super/OneDrive/Desktop/Universita/aes/assignment_2/image_uart_Z7.sdk/design_1_wrapper_hw_platform_0/system.hdf'.
21:31:47 INFO  : 'configparams force-mem-access 1' command is executed.
21:31:47 INFO  : Context for 'APU' is selected.
21:31:47 INFO  : 'stop' command is executed.
21:31:47 INFO  : 'ps7_init' command is executed.
21:31:47 INFO  : 'ps7_post_config' command is executed.
21:31:47 INFO  : Context for processor 'ps7_cortexa9_0' is selected.
21:31:48 INFO  : Processor reset is completed for 'ps7_cortexa9_0'.
21:31:48 INFO  : Context for processor 'ps7_cortexa9_0' is selected.
21:31:48 INFO  : The application 'C:/Users/super/OneDrive/Desktop/Universita/aes/assignment_2/mnist/Debug/mnist.elf' is downloaded to processor 'ps7_cortexa9_0'.
21:31:48 INFO  : 'configparams force-mem-access 0' command is executed.
21:31:48 INFO  : ----------------XSDB Script----------------
connect -url tcp:127.0.0.1:3121
source C:/Users/super/OneDrive/Desktop/Universita/aes/assignment_2/image_uart_Z7.sdk/design_1_wrapper_hw_platform_0/ps7_init.tcl
targets -set -nocase -filter {name =~"APU*" && jtag_cable_name =~ "Digilent Zybo Z7 210351B0FC9BA"} -index 0
loadhw -hw C:/Users/super/OneDrive/Desktop/Universita/aes/assignment_2/image_uart_Z7.sdk/design_1_wrapper_hw_platform_0/system.hdf -mem-ranges [list {0x40000000 0xbfffffff}]
configparams force-mem-access 1
targets -set -nocase -filter {name =~"APU*" && jtag_cable_name =~ "Digilent Zybo Z7 210351B0FC9BA"} -index 0
stop
ps7_init
ps7_post_config
targets -set -nocase -filter {name =~ "ARM*#0" && jtag_cable_name =~ "Digilent Zybo Z7 210351B0FC9BA"} -index 0
rst -processor
targets -set -nocase -filter {name =~ "ARM*#0" && jtag_cable_name =~ "Digilent Zybo Z7 210351B0FC9BA"} -index 0
dow C:/Users/super/OneDrive/Desktop/Universita/aes/assignment_2/mnist/Debug/mnist.elf
configparams force-mem-access 0
----------------End of Script----------------

21:31:48 INFO  : Memory regions updated for context APU
21:31:48 INFO  : Context for processor 'ps7_cortexa9_0' is selected.
21:31:48 INFO  : 'con' command is executed.
21:31:48 INFO  : ----------------XSDB Script (After Launch)----------------
targets -set -nocase -filter {name =~ "ARM*#0" && jtag_cable_name =~ "Digilent Zybo Z7 210351B0FC9BA"} -index 0
con
----------------End of Script----------------

21:31:48 INFO  : Launch script is exported to file 'C:\Users\super\OneDrive\Desktop\Universita\aes\assignment_2\.sdk\launch_scripts\xilinx_c-c++_application_(system_debugger)\system_debugger_using_debug_mnist.elf_on_local.tcl'
21:32:32 INFO  : 'targets -set -filter {jtag_cable_name =~ "Digilent Zybo Z7 210351B0FC9BA" && level==0} -index 1' command is executed.
21:32:32 INFO  : 'fpga -state' command is executed.
21:32:32 INFO  : Connected to target on host '127.0.0.1' and port '3121'.
21:32:33 INFO  : Jtag cable 'Digilent Zybo Z7 210351B0FC9BA' is selected.
21:32:33 INFO  : 'jtag frequency' command is executed.
21:32:33 INFO  : Sourcing of 'C:/Users/super/OneDrive/Desktop/Universita/aes/assignment_2/image_uart_Z7.sdk/design_1_wrapper_hw_platform_0/ps7_init.tcl' is done.
21:32:33 INFO  : Context for 'APU' is selected.
21:32:33 INFO  : Hardware design information is loaded from 'C:/Users/super/OneDrive/Desktop/Universita/aes/assignment_2/image_uart_Z7.sdk/design_1_wrapper_hw_platform_0/system.hdf'.
21:32:33 INFO  : 'configparams force-mem-access 1' command is executed.
21:32:33 INFO  : Context for 'APU' is selected.
21:32:33 INFO  : 'stop' command is executed.
21:32:33 INFO  : 'ps7_init' command is executed.
21:32:33 INFO  : 'ps7_post_config' command is executed.
21:32:33 INFO  : Context for processor 'ps7_cortexa9_0' is selected.
21:32:33 INFO  : Processor reset is completed for 'ps7_cortexa9_0'.
21:32:33 INFO  : Context for processor 'ps7_cortexa9_0' is selected.
21:32:33 INFO  : The application 'C:/Users/super/OneDrive/Desktop/Universita/aes/assignment_2/mnist_group/Debug/mnist_group.elf' is downloaded to processor 'ps7_cortexa9_0'.
21:32:33 INFO  : 'configparams force-mem-access 0' command is executed.
21:32:33 INFO  : ----------------XSDB Script----------------
connect -url tcp:127.0.0.1:3121
source C:/Users/super/OneDrive/Desktop/Universita/aes/assignment_2/image_uart_Z7.sdk/design_1_wrapper_hw_platform_0/ps7_init.tcl
targets -set -nocase -filter {name =~"APU*" && jtag_cable_name =~ "Digilent Zybo Z7 210351B0FC9BA"} -index 0
loadhw -hw C:/Users/super/OneDrive/Desktop/Universita/aes/assignment_2/image_uart_Z7.sdk/design_1_wrapper_hw_platform_0/system.hdf -mem-ranges [list {0x40000000 0xbfffffff}]
configparams force-mem-access 1
targets -set -nocase -filter {name =~"APU*" && jtag_cable_name =~ "Digilent Zybo Z7 210351B0FC9BA"} -index 0
stop
ps7_init
ps7_post_config
targets -set -nocase -filter {name =~ "ARM*#0" && jtag_cable_name =~ "Digilent Zybo Z7 210351B0FC9BA"} -index 0
rst -processor
targets -set -nocase -filter {name =~ "ARM*#0" && jtag_cable_name =~ "Digilent Zybo Z7 210351B0FC9BA"} -index 0
dow C:/Users/super/OneDrive/Desktop/Universita/aes/assignment_2/mnist_group/Debug/mnist_group.elf
configparams force-mem-access 0
----------------End of Script----------------

21:32:33 INFO  : Memory regions updated for context APU
21:32:33 INFO  : Context for processor 'ps7_cortexa9_0' is selected.
21:32:33 INFO  : 'con' command is executed.
21:32:33 INFO  : ----------------XSDB Script (After Launch)----------------
targets -set -nocase -filter {name =~ "ARM*#0" && jtag_cable_name =~ "Digilent Zybo Z7 210351B0FC9BA"} -index 0
con
----------------End of Script----------------

21:32:33 INFO  : Launch script is exported to file 'C:\Users\super\OneDrive\Desktop\Universita\aes\assignment_2\.sdk\launch_scripts\xilinx_c-c++_application_(system_debugger)\system_debugger_using_debug_mnist_group.elf_on_local.tcl'
21:32:42 INFO  : Connected to target on host '127.0.0.1' and port '3121'.
21:32:42 INFO  : 'targets -set -filter {jtag_cable_name =~ "Digilent Zybo Z7 210351B0FC9BA" && level==0} -index 1' command is executed.
21:32:43 INFO  : FPGA configured successfully with bitstream "C:/Users/super/OneDrive/Desktop/Universita/aes/assignment_2/image_uart_Z7.sdk/design_1_wrapper_hw_platform_0/design_1_wrapper.bit"
21:34:23 INFO  : Disconnected from the channel tcfchan#8.
21:34:24 INFO  : 'targets -set -filter {jtag_cable_name =~ "Digilent Zybo Z7 210351B0FC9BA" && level==0} -index 1' command is executed.
21:34:24 INFO  : 'fpga -state' command is executed.
21:34:24 INFO  : Connected to target on host '127.0.0.1' and port '3121'.
21:34:24 INFO  : Jtag cable 'Digilent Zybo Z7 210351B0FC9BA' is selected.
21:34:24 INFO  : 'jtag frequency' command is executed.
21:34:24 INFO  : Sourcing of 'C:/Users/super/OneDrive/Desktop/Universita/aes/assignment_2/image_uart_Z7.sdk/design_1_wrapper_hw_platform_0/ps7_init.tcl' is done.
21:34:24 INFO  : Context for 'APU' is selected.
21:34:25 INFO  : Hardware design information is loaded from 'C:/Users/super/OneDrive/Desktop/Universita/aes/assignment_2/image_uart_Z7.sdk/design_1_wrapper_hw_platform_0/system.hdf'.
21:34:25 INFO  : 'configparams force-mem-access 1' command is executed.
21:34:25 INFO  : Context for 'APU' is selected.
21:34:25 INFO  : 'stop' command is executed.
21:34:25 INFO  : 'ps7_init' command is executed.
21:34:25 INFO  : 'ps7_post_config' command is executed.
21:34:25 INFO  : Context for processor 'ps7_cortexa9_0' is selected.
21:34:26 INFO  : Processor reset is completed for 'ps7_cortexa9_0'.
21:34:26 INFO  : Context for processor 'ps7_cortexa9_0' is selected.
21:34:26 INFO  : The application 'C:/Users/super/OneDrive/Desktop/Universita/aes/assignment_2/mnist_group/Debug/mnist_group.elf' is downloaded to processor 'ps7_cortexa9_0'.
21:34:26 INFO  : 'configparams force-mem-access 0' command is executed.
21:34:26 INFO  : ----------------XSDB Script----------------
connect -url tcp:127.0.0.1:3121
source C:/Users/super/OneDrive/Desktop/Universita/aes/assignment_2/image_uart_Z7.sdk/design_1_wrapper_hw_platform_0/ps7_init.tcl
targets -set -nocase -filter {name =~"APU*" && jtag_cable_name =~ "Digilent Zybo Z7 210351B0FC9BA"} -index 0
loadhw -hw C:/Users/super/OneDrive/Desktop/Universita/aes/assignment_2/image_uart_Z7.sdk/design_1_wrapper_hw_platform_0/system.hdf -mem-ranges [list {0x40000000 0xbfffffff}]
configparams force-mem-access 1
targets -set -nocase -filter {name =~"APU*" && jtag_cable_name =~ "Digilent Zybo Z7 210351B0FC9BA"} -index 0
stop
ps7_init
ps7_post_config
targets -set -nocase -filter {name =~ "ARM*#0" && jtag_cable_name =~ "Digilent Zybo Z7 210351B0FC9BA"} -index 0
rst -processor
targets -set -nocase -filter {name =~ "ARM*#0" && jtag_cable_name =~ "Digilent Zybo Z7 210351B0FC9BA"} -index 0
dow C:/Users/super/OneDrive/Desktop/Universita/aes/assignment_2/mnist_group/Debug/mnist_group.elf
configparams force-mem-access 0
----------------End of Script----------------

21:34:26 INFO  : Memory regions updated for context APU
21:34:26 INFO  : Context for processor 'ps7_cortexa9_0' is selected.
21:34:26 INFO  : 'con' command is executed.
21:34:26 INFO  : ----------------XSDB Script (After Launch)----------------
targets -set -nocase -filter {name =~ "ARM*#0" && jtag_cable_name =~ "Digilent Zybo Z7 210351B0FC9BA"} -index 0
con
----------------End of Script----------------

21:34:26 INFO  : Launch script is exported to file 'C:\Users\super\OneDrive\Desktop\Universita\aes\assignment_2\.sdk\launch_scripts\xilinx_c-c++_application_(system_debugger)\system_debugger_using_debug_mnist_group.elf_on_local.tcl'
21:49:45 INFO  : Disconnected from the channel tcfchan#9.
21:49:46 INFO  : 'targets -set -filter {jtag_cable_name =~ "Digilent Zybo Z7 210351B0FC9BA" && level==0} -index 1' command is executed.
21:49:46 INFO  : 'fpga -state' command is executed.
21:49:46 INFO  : Connected to target on host '127.0.0.1' and port '3121'.
21:49:46 INFO  : Jtag cable 'Digilent Zybo Z7 210351B0FC9BA' is selected.
21:49:46 INFO  : 'jtag frequency' command is executed.
21:49:46 INFO  : Sourcing of 'C:/Users/super/OneDrive/Desktop/Universita/aes/assignment_2/image_uart_Z7.sdk/design_1_wrapper_hw_platform_0/ps7_init.tcl' is done.
21:49:46 INFO  : Context for 'APU' is selected.
21:49:47 INFO  : Hardware design information is loaded from 'C:/Users/super/OneDrive/Desktop/Universita/aes/assignment_2/image_uart_Z7.sdk/design_1_wrapper_hw_platform_0/system.hdf'.
21:49:47 INFO  : 'configparams force-mem-access 1' command is executed.
21:49:47 INFO  : Context for 'APU' is selected.
21:49:47 INFO  : 'stop' command is executed.
21:49:47 INFO  : 'ps7_init' command is executed.
21:49:47 INFO  : 'ps7_post_config' command is executed.
21:49:47 INFO  : Context for processor 'ps7_cortexa9_0' is selected.
21:49:47 INFO  : Processor reset is completed for 'ps7_cortexa9_0'.
21:49:47 INFO  : Context for processor 'ps7_cortexa9_0' is selected.
21:49:48 INFO  : The application 'C:/Users/super/OneDrive/Desktop/Universita/aes/assignment_2/mnist_group/Debug/mnist_group.elf' is downloaded to processor 'ps7_cortexa9_0'.
21:49:48 INFO  : 'configparams force-mem-access 0' command is executed.
21:49:48 INFO  : ----------------XSDB Script----------------
connect -url tcp:127.0.0.1:3121
source C:/Users/super/OneDrive/Desktop/Universita/aes/assignment_2/image_uart_Z7.sdk/design_1_wrapper_hw_platform_0/ps7_init.tcl
targets -set -nocase -filter {name =~"APU*" && jtag_cable_name =~ "Digilent Zybo Z7 210351B0FC9BA"} -index 0
loadhw -hw C:/Users/super/OneDrive/Desktop/Universita/aes/assignment_2/image_uart_Z7.sdk/design_1_wrapper_hw_platform_0/system.hdf -mem-ranges [list {0x40000000 0xbfffffff}]
configparams force-mem-access 1
targets -set -nocase -filter {name =~"APU*" && jtag_cable_name =~ "Digilent Zybo Z7 210351B0FC9BA"} -index 0
stop
ps7_init
ps7_post_config
targets -set -nocase -filter {name =~ "ARM*#0" && jtag_cable_name =~ "Digilent Zybo Z7 210351B0FC9BA"} -index 0
rst -processor
targets -set -nocase -filter {name =~ "ARM*#0" && jtag_cable_name =~ "Digilent Zybo Z7 210351B0FC9BA"} -index 0
dow C:/Users/super/OneDrive/Desktop/Universita/aes/assignment_2/mnist_group/Debug/mnist_group.elf
configparams force-mem-access 0
----------------End of Script----------------

21:49:48 INFO  : Memory regions updated for context APU
21:49:48 INFO  : Context for processor 'ps7_cortexa9_0' is selected.
21:49:48 INFO  : 'con' command is executed.
21:49:48 INFO  : ----------------XSDB Script (After Launch)----------------
targets -set -nocase -filter {name =~ "ARM*#0" && jtag_cable_name =~ "Digilent Zybo Z7 210351B0FC9BA"} -index 0
con
----------------End of Script----------------

21:49:48 INFO  : Launch script is exported to file 'C:\Users\super\OneDrive\Desktop\Universita\aes\assignment_2\.sdk\launch_scripts\xilinx_c-c++_application_(system_debugger)\system_debugger_using_debug_mnist_group.elf_on_local.tcl'
21:50:13 INFO  : Disconnected from the channel tcfchan#10.
21:50:14 INFO  : 'targets -set -filter {jtag_cable_name =~ "Digilent Zybo Z7 210351B0FC9BA" && level==0} -index 1' command is executed.
21:50:14 INFO  : 'fpga -state' command is executed.
21:50:14 INFO  : Connected to target on host '127.0.0.1' and port '3121'.
21:50:14 INFO  : Jtag cable 'Digilent Zybo Z7 210351B0FC9BA' is selected.
21:50:14 INFO  : 'jtag frequency' command is executed.
21:50:14 INFO  : Sourcing of 'C:/Users/super/OneDrive/Desktop/Universita/aes/assignment_2/image_uart_Z7.sdk/design_1_wrapper_hw_platform_0/ps7_init.tcl' is done.
21:50:14 INFO  : Context for 'APU' is selected.
21:50:15 INFO  : Hardware design information is loaded from 'C:/Users/super/OneDrive/Desktop/Universita/aes/assignment_2/image_uart_Z7.sdk/design_1_wrapper_hw_platform_0/system.hdf'.
21:50:15 INFO  : 'configparams force-mem-access 1' command is executed.
21:50:15 INFO  : Context for 'APU' is selected.
21:50:15 INFO  : 'stop' command is executed.
21:50:15 INFO  : 'ps7_init' command is executed.
21:50:15 INFO  : 'ps7_post_config' command is executed.
21:50:15 INFO  : Context for processor 'ps7_cortexa9_0' is selected.
21:50:15 INFO  : Processor reset is completed for 'ps7_cortexa9_0'.
21:50:15 INFO  : Context for processor 'ps7_cortexa9_0' is selected.
21:50:15 INFO  : The application 'C:/Users/super/OneDrive/Desktop/Universita/aes/assignment_2/mnist_group/Debug/mnist_group.elf' is downloaded to processor 'ps7_cortexa9_0'.
21:50:15 INFO  : 'configparams force-mem-access 0' command is executed.
21:50:15 INFO  : ----------------XSDB Script----------------
connect -url tcp:127.0.0.1:3121
source C:/Users/super/OneDrive/Desktop/Universita/aes/assignment_2/image_uart_Z7.sdk/design_1_wrapper_hw_platform_0/ps7_init.tcl
targets -set -nocase -filter {name =~"APU*" && jtag_cable_name =~ "Digilent Zybo Z7 210351B0FC9BA"} -index 0
loadhw -hw C:/Users/super/OneDrive/Desktop/Universita/aes/assignment_2/image_uart_Z7.sdk/design_1_wrapper_hw_platform_0/system.hdf -mem-ranges [list {0x40000000 0xbfffffff}]
configparams force-mem-access 1
targets -set -nocase -filter {name =~"APU*" && jtag_cable_name =~ "Digilent Zybo Z7 210351B0FC9BA"} -index 0
stop
ps7_init
ps7_post_config
targets -set -nocase -filter {name =~ "ARM*#0" && jtag_cable_name =~ "Digilent Zybo Z7 210351B0FC9BA"} -index 0
rst -processor
targets -set -nocase -filter {name =~ "ARM*#0" && jtag_cable_name =~ "Digilent Zybo Z7 210351B0FC9BA"} -index 0
dow C:/Users/super/OneDrive/Desktop/Universita/aes/assignment_2/mnist_group/Debug/mnist_group.elf
configparams force-mem-access 0
----------------End of Script----------------

21:50:15 INFO  : Memory regions updated for context APU
21:50:15 INFO  : Context for processor 'ps7_cortexa9_0' is selected.
21:50:15 INFO  : 'con' command is executed.
21:50:15 INFO  : ----------------XSDB Script (After Launch)----------------
targets -set -nocase -filter {name =~ "ARM*#0" && jtag_cable_name =~ "Digilent Zybo Z7 210351B0FC9BA"} -index 0
con
----------------End of Script----------------

21:50:15 INFO  : Launch script is exported to file 'C:\Users\super\OneDrive\Desktop\Universita\aes\assignment_2\.sdk\launch_scripts\xilinx_c-c++_application_(system_debugger)\system_debugger_using_debug_mnist_group.elf_on_local.tcl'
21:50:49 INFO  : Disconnected from the channel tcfchan#11.
21:50:50 INFO  : 'targets -set -filter {jtag_cable_name =~ "Digilent Zybo Z7 210351B0FC9BA" && level==0} -index 1' command is executed.
21:50:50 INFO  : 'fpga -state' command is executed.
21:50:50 INFO  : Connected to target on host '127.0.0.1' and port '3121'.
21:50:51 INFO  : Jtag cable 'Digilent Zybo Z7 210351B0FC9BA' is selected.
21:50:51 INFO  : 'jtag frequency' command is executed.
21:50:51 INFO  : Sourcing of 'C:/Users/super/OneDrive/Desktop/Universita/aes/assignment_2/image_uart_Z7.sdk/design_1_wrapper_hw_platform_0/ps7_init.tcl' is done.
21:50:51 INFO  : Context for 'APU' is selected.
21:50:51 INFO  : Hardware design information is loaded from 'C:/Users/super/OneDrive/Desktop/Universita/aes/assignment_2/image_uart_Z7.sdk/design_1_wrapper_hw_platform_0/system.hdf'.
21:50:51 INFO  : 'configparams force-mem-access 1' command is executed.
21:50:51 INFO  : Context for 'APU' is selected.
21:50:51 INFO  : 'stop' command is executed.
21:50:52 INFO  : 'ps7_init' command is executed.
21:50:52 INFO  : 'ps7_post_config' command is executed.
21:50:52 INFO  : Context for processor 'ps7_cortexa9_0' is selected.
21:50:52 INFO  : Processor reset is completed for 'ps7_cortexa9_0'.
21:50:52 INFO  : Context for processor 'ps7_cortexa9_0' is selected.
21:50:52 INFO  : The application 'C:/Users/super/OneDrive/Desktop/Universita/aes/assignment_2/mnist_group/Debug/mnist_group.elf' is downloaded to processor 'ps7_cortexa9_0'.
21:50:52 INFO  : 'configparams force-mem-access 0' command is executed.
21:50:52 INFO  : ----------------XSDB Script----------------
connect -url tcp:127.0.0.1:3121
source C:/Users/super/OneDrive/Desktop/Universita/aes/assignment_2/image_uart_Z7.sdk/design_1_wrapper_hw_platform_0/ps7_init.tcl
targets -set -nocase -filter {name =~"APU*" && jtag_cable_name =~ "Digilent Zybo Z7 210351B0FC9BA"} -index 0
loadhw -hw C:/Users/super/OneDrive/Desktop/Universita/aes/assignment_2/image_uart_Z7.sdk/design_1_wrapper_hw_platform_0/system.hdf -mem-ranges [list {0x40000000 0xbfffffff}]
configparams force-mem-access 1
targets -set -nocase -filter {name =~"APU*" && jtag_cable_name =~ "Digilent Zybo Z7 210351B0FC9BA"} -index 0
stop
ps7_init
ps7_post_config
targets -set -nocase -filter {name =~ "ARM*#0" && jtag_cable_name =~ "Digilent Zybo Z7 210351B0FC9BA"} -index 0
rst -processor
targets -set -nocase -filter {name =~ "ARM*#0" && jtag_cable_name =~ "Digilent Zybo Z7 210351B0FC9BA"} -index 0
dow C:/Users/super/OneDrive/Desktop/Universita/aes/assignment_2/mnist_group/Debug/mnist_group.elf
configparams force-mem-access 0
----------------End of Script----------------

21:50:52 INFO  : Memory regions updated for context APU
21:50:52 INFO  : Context for processor 'ps7_cortexa9_0' is selected.
21:50:52 INFO  : 'con' command is executed.
21:50:52 INFO  : ----------------XSDB Script (After Launch)----------------
targets -set -nocase -filter {name =~ "ARM*#0" && jtag_cable_name =~ "Digilent Zybo Z7 210351B0FC9BA"} -index 0
con
----------------End of Script----------------

21:50:52 INFO  : Launch script is exported to file 'C:\Users\super\OneDrive\Desktop\Universita\aes\assignment_2\.sdk\launch_scripts\xilinx_c-c++_application_(system_debugger)\system_debugger_using_debug_mnist_group.elf_on_local.tcl'
21:56:48 INFO  : Disconnected from the channel tcfchan#12.
21:56:49 INFO  : 'targets -set -filter {jtag_cable_name =~ "Digilent Zybo Z7 210351B0FC9BA" && level==0} -index 1' command is executed.
21:56:49 INFO  : 'fpga -state' command is executed.
21:56:49 INFO  : Connected to target on host '127.0.0.1' and port '3121'.
21:56:49 INFO  : Jtag cable 'Digilent Zybo Z7 210351B0FC9BA' is selected.
21:56:49 INFO  : 'jtag frequency' command is executed.
21:56:49 INFO  : Sourcing of 'C:/Users/super/OneDrive/Desktop/Universita/aes/assignment_2/image_uart_Z7.sdk/design_1_wrapper_hw_platform_0/ps7_init.tcl' is done.
21:56:49 INFO  : Context for 'APU' is selected.
21:56:50 INFO  : Hardware design information is loaded from 'C:/Users/super/OneDrive/Desktop/Universita/aes/assignment_2/image_uart_Z7.sdk/design_1_wrapper_hw_platform_0/system.hdf'.
21:56:50 INFO  : 'configparams force-mem-access 1' command is executed.
21:56:50 INFO  : Context for 'APU' is selected.
21:56:50 INFO  : 'stop' command is executed.
21:56:50 INFO  : 'ps7_init' command is executed.
21:56:50 INFO  : 'ps7_post_config' command is executed.
21:56:50 INFO  : Context for processor 'ps7_cortexa9_0' is selected.
21:56:50 INFO  : Processor reset is completed for 'ps7_cortexa9_0'.
21:56:50 INFO  : Context for processor 'ps7_cortexa9_0' is selected.
21:56:51 INFO  : The application 'C:/Users/super/OneDrive/Desktop/Universita/aes/assignment_2/mnist_group/Debug/mnist_group.elf' is downloaded to processor 'ps7_cortexa9_0'.
21:56:51 INFO  : 'configparams force-mem-access 0' command is executed.
21:56:51 INFO  : ----------------XSDB Script----------------
connect -url tcp:127.0.0.1:3121
source C:/Users/super/OneDrive/Desktop/Universita/aes/assignment_2/image_uart_Z7.sdk/design_1_wrapper_hw_platform_0/ps7_init.tcl
targets -set -nocase -filter {name =~"APU*" && jtag_cable_name =~ "Digilent Zybo Z7 210351B0FC9BA"} -index 0
loadhw -hw C:/Users/super/OneDrive/Desktop/Universita/aes/assignment_2/image_uart_Z7.sdk/design_1_wrapper_hw_platform_0/system.hdf -mem-ranges [list {0x40000000 0xbfffffff}]
configparams force-mem-access 1
targets -set -nocase -filter {name =~"APU*" && jtag_cable_name =~ "Digilent Zybo Z7 210351B0FC9BA"} -index 0
stop
ps7_init
ps7_post_config
targets -set -nocase -filter {name =~ "ARM*#0" && jtag_cable_name =~ "Digilent Zybo Z7 210351B0FC9BA"} -index 0
rst -processor
targets -set -nocase -filter {name =~ "ARM*#0" && jtag_cable_name =~ "Digilent Zybo Z7 210351B0FC9BA"} -index 0
dow C:/Users/super/OneDrive/Desktop/Universita/aes/assignment_2/mnist_group/Debug/mnist_group.elf
configparams force-mem-access 0
----------------End of Script----------------

21:56:51 INFO  : Memory regions updated for context APU
21:56:51 INFO  : Context for processor 'ps7_cortexa9_0' is selected.
21:56:51 INFO  : 'con' command is executed.
21:56:51 INFO  : ----------------XSDB Script (After Launch)----------------
targets -set -nocase -filter {name =~ "ARM*#0" && jtag_cable_name =~ "Digilent Zybo Z7 210351B0FC9BA"} -index 0
con
----------------End of Script----------------

21:56:51 INFO  : Launch script is exported to file 'C:\Users\super\OneDrive\Desktop\Universita\aes\assignment_2\.sdk\launch_scripts\xilinx_c-c++_application_(system_debugger)\system_debugger_using_debug_mnist_group.elf_on_local.tcl'
21:57:04 INFO  : Disconnected from the channel tcfchan#13.
21:57:05 INFO  : 'targets -set -filter {jtag_cable_name =~ "Digilent Zybo Z7 210351B0FC9BA" && level==0} -index 1' command is executed.
21:57:05 INFO  : 'fpga -state' command is executed.
21:57:05 INFO  : Connected to target on host '127.0.0.1' and port '3121'.
21:57:05 INFO  : Jtag cable 'Digilent Zybo Z7 210351B0FC9BA' is selected.
21:57:05 INFO  : 'jtag frequency' command is executed.
21:57:05 INFO  : Sourcing of 'C:/Users/super/OneDrive/Desktop/Universita/aes/assignment_2/image_uart_Z7.sdk/design_1_wrapper_hw_platform_0/ps7_init.tcl' is done.
21:57:05 INFO  : Context for 'APU' is selected.
21:57:06 INFO  : Hardware design information is loaded from 'C:/Users/super/OneDrive/Desktop/Universita/aes/assignment_2/image_uart_Z7.sdk/design_1_wrapper_hw_platform_0/system.hdf'.
21:57:06 INFO  : 'configparams force-mem-access 1' command is executed.
21:57:06 INFO  : Context for 'APU' is selected.
21:57:06 INFO  : 'stop' command is executed.
21:57:06 INFO  : 'ps7_init' command is executed.
21:57:06 INFO  : 'ps7_post_config' command is executed.
21:57:06 INFO  : Context for processor 'ps7_cortexa9_0' is selected.
21:57:07 INFO  : Processor reset is completed for 'ps7_cortexa9_0'.
21:57:07 INFO  : Context for processor 'ps7_cortexa9_0' is selected.
21:57:07 INFO  : The application 'C:/Users/super/OneDrive/Desktop/Universita/aes/assignment_2/mnist_group/Debug/mnist_group.elf' is downloaded to processor 'ps7_cortexa9_0'.
21:57:07 INFO  : 'configparams force-mem-access 0' command is executed.
21:57:07 INFO  : ----------------XSDB Script----------------
connect -url tcp:127.0.0.1:3121
source C:/Users/super/OneDrive/Desktop/Universita/aes/assignment_2/image_uart_Z7.sdk/design_1_wrapper_hw_platform_0/ps7_init.tcl
targets -set -nocase -filter {name =~"APU*" && jtag_cable_name =~ "Digilent Zybo Z7 210351B0FC9BA"} -index 0
loadhw -hw C:/Users/super/OneDrive/Desktop/Universita/aes/assignment_2/image_uart_Z7.sdk/design_1_wrapper_hw_platform_0/system.hdf -mem-ranges [list {0x40000000 0xbfffffff}]
configparams force-mem-access 1
targets -set -nocase -filter {name =~"APU*" && jtag_cable_name =~ "Digilent Zybo Z7 210351B0FC9BA"} -index 0
stop
ps7_init
ps7_post_config
targets -set -nocase -filter {name =~ "ARM*#0" && jtag_cable_name =~ "Digilent Zybo Z7 210351B0FC9BA"} -index 0
rst -processor
targets -set -nocase -filter {name =~ "ARM*#0" && jtag_cable_name =~ "Digilent Zybo Z7 210351B0FC9BA"} -index 0
dow C:/Users/super/OneDrive/Desktop/Universita/aes/assignment_2/mnist_group/Debug/mnist_group.elf
configparams force-mem-access 0
----------------End of Script----------------

21:57:07 INFO  : Memory regions updated for context APU
21:57:07 INFO  : Context for processor 'ps7_cortexa9_0' is selected.
21:57:07 INFO  : 'con' command is executed.
21:57:07 INFO  : ----------------XSDB Script (After Launch)----------------
targets -set -nocase -filter {name =~ "ARM*#0" && jtag_cable_name =~ "Digilent Zybo Z7 210351B0FC9BA"} -index 0
con
----------------End of Script----------------

21:57:07 INFO  : Launch script is exported to file 'C:\Users\super\OneDrive\Desktop\Universita\aes\assignment_2\.sdk\launch_scripts\xilinx_c-c++_application_(system_debugger)\system_debugger_using_debug_mnist_group.elf_on_local.tcl'
21:57:24 INFO  : Disconnected from the channel tcfchan#14.
21:57:25 INFO  : 'targets -set -filter {jtag_cable_name =~ "Digilent Zybo Z7 210351B0FC9BA" && level==0} -index 1' command is executed.
21:57:25 INFO  : 'fpga -state' command is executed.
21:57:25 INFO  : Connected to target on host '127.0.0.1' and port '3121'.
21:57:25 INFO  : Jtag cable 'Digilent Zybo Z7 210351B0FC9BA' is selected.
21:57:25 INFO  : 'jtag frequency' command is executed.
21:57:25 INFO  : Sourcing of 'C:/Users/super/OneDrive/Desktop/Universita/aes/assignment_2/image_uart_Z7.sdk/design_1_wrapper_hw_platform_0/ps7_init.tcl' is done.
21:57:25 INFO  : Context for 'APU' is selected.
21:57:26 INFO  : Hardware design information is loaded from 'C:/Users/super/OneDrive/Desktop/Universita/aes/assignment_2/image_uart_Z7.sdk/design_1_wrapper_hw_platform_0/system.hdf'.
21:57:26 INFO  : 'configparams force-mem-access 1' command is executed.
21:57:26 INFO  : Context for 'APU' is selected.
21:57:26 INFO  : 'stop' command is executed.
21:57:26 INFO  : 'ps7_init' command is executed.
21:57:26 INFO  : 'ps7_post_config' command is executed.
21:57:26 INFO  : Context for processor 'ps7_cortexa9_0' is selected.
21:57:26 INFO  : Processor reset is completed for 'ps7_cortexa9_0'.
21:57:26 INFO  : Context for processor 'ps7_cortexa9_0' is selected.
21:57:26 INFO  : The application 'C:/Users/super/OneDrive/Desktop/Universita/aes/assignment_2/mnist_group/Debug/mnist_group.elf' is downloaded to processor 'ps7_cortexa9_0'.
21:57:26 INFO  : 'configparams force-mem-access 0' command is executed.
21:57:26 INFO  : ----------------XSDB Script----------------
connect -url tcp:127.0.0.1:3121
source C:/Users/super/OneDrive/Desktop/Universita/aes/assignment_2/image_uart_Z7.sdk/design_1_wrapper_hw_platform_0/ps7_init.tcl
targets -set -nocase -filter {name =~"APU*" && jtag_cable_name =~ "Digilent Zybo Z7 210351B0FC9BA"} -index 0
loadhw -hw C:/Users/super/OneDrive/Desktop/Universita/aes/assignment_2/image_uart_Z7.sdk/design_1_wrapper_hw_platform_0/system.hdf -mem-ranges [list {0x40000000 0xbfffffff}]
configparams force-mem-access 1
targets -set -nocase -filter {name =~"APU*" && jtag_cable_name =~ "Digilent Zybo Z7 210351B0FC9BA"} -index 0
stop
ps7_init
ps7_post_config
targets -set -nocase -filter {name =~ "ARM*#0" && jtag_cable_name =~ "Digilent Zybo Z7 210351B0FC9BA"} -index 0
rst -processor
targets -set -nocase -filter {name =~ "ARM*#0" && jtag_cable_name =~ "Digilent Zybo Z7 210351B0FC9BA"} -index 0
dow C:/Users/super/OneDrive/Desktop/Universita/aes/assignment_2/mnist_group/Debug/mnist_group.elf
configparams force-mem-access 0
----------------End of Script----------------

21:57:26 INFO  : Memory regions updated for context APU
21:57:26 INFO  : Context for processor 'ps7_cortexa9_0' is selected.
21:57:26 INFO  : 'con' command is executed.
21:57:26 INFO  : ----------------XSDB Script (After Launch)----------------
targets -set -nocase -filter {name =~ "ARM*#0" && jtag_cable_name =~ "Digilent Zybo Z7 210351B0FC9BA"} -index 0
con
----------------End of Script----------------

21:57:26 INFO  : Launch script is exported to file 'C:\Users\super\OneDrive\Desktop\Universita\aes\assignment_2\.sdk\launch_scripts\xilinx_c-c++_application_(system_debugger)\system_debugger_using_debug_mnist_group.elf_on_local.tcl'
22:04:55 INFO  : Disconnected from the channel tcfchan#15.
22:04:56 INFO  : 'targets -set -filter {jtag_cable_name =~ "Digilent Zybo Z7 210351B0FC9BA" && level==0} -index 1' command is executed.
22:04:56 INFO  : 'fpga -state' command is executed.
22:04:56 INFO  : Connected to target on host '127.0.0.1' and port '3121'.
22:04:56 INFO  : Jtag cable 'Digilent Zybo Z7 210351B0FC9BA' is selected.
22:04:56 INFO  : 'jtag frequency' command is executed.
22:04:56 INFO  : Sourcing of 'C:/Users/super/OneDrive/Desktop/Universita/aes/assignment_2/image_uart_Z7.sdk/design_1_wrapper_hw_platform_0/ps7_init.tcl' is done.
22:04:56 INFO  : Context for 'APU' is selected.
22:04:57 INFO  : Hardware design information is loaded from 'C:/Users/super/OneDrive/Desktop/Universita/aes/assignment_2/image_uart_Z7.sdk/design_1_wrapper_hw_platform_0/system.hdf'.
22:04:57 INFO  : 'configparams force-mem-access 1' command is executed.
22:04:57 INFO  : Context for 'APU' is selected.
22:04:57 INFO  : 'stop' command is executed.
22:04:57 INFO  : 'ps7_init' command is executed.
22:04:57 INFO  : 'ps7_post_config' command is executed.
22:04:57 INFO  : Context for processor 'ps7_cortexa9_0' is selected.
22:04:57 INFO  : Processor reset is completed for 'ps7_cortexa9_0'.
22:04:57 INFO  : Context for processor 'ps7_cortexa9_0' is selected.
22:04:58 INFO  : The application 'C:/Users/super/OneDrive/Desktop/Universita/aes/assignment_2/mnist_group/Debug/mnist_group.elf' is downloaded to processor 'ps7_cortexa9_0'.
22:04:58 INFO  : 'configparams force-mem-access 0' command is executed.
22:04:58 INFO  : ----------------XSDB Script----------------
connect -url tcp:127.0.0.1:3121
source C:/Users/super/OneDrive/Desktop/Universita/aes/assignment_2/image_uart_Z7.sdk/design_1_wrapper_hw_platform_0/ps7_init.tcl
targets -set -nocase -filter {name =~"APU*" && jtag_cable_name =~ "Digilent Zybo Z7 210351B0FC9BA"} -index 0
loadhw -hw C:/Users/super/OneDrive/Desktop/Universita/aes/assignment_2/image_uart_Z7.sdk/design_1_wrapper_hw_platform_0/system.hdf -mem-ranges [list {0x40000000 0xbfffffff}]
configparams force-mem-access 1
targets -set -nocase -filter {name =~"APU*" && jtag_cable_name =~ "Digilent Zybo Z7 210351B0FC9BA"} -index 0
stop
ps7_init
ps7_post_config
targets -set -nocase -filter {name =~ "ARM*#0" && jtag_cable_name =~ "Digilent Zybo Z7 210351B0FC9BA"} -index 0
rst -processor
targets -set -nocase -filter {name =~ "ARM*#0" && jtag_cable_name =~ "Digilent Zybo Z7 210351B0FC9BA"} -index 0
dow C:/Users/super/OneDrive/Desktop/Universita/aes/assignment_2/mnist_group/Debug/mnist_group.elf
configparams force-mem-access 0
----------------End of Script----------------

22:04:58 INFO  : Memory regions updated for context APU
22:04:58 INFO  : Context for processor 'ps7_cortexa9_0' is selected.
22:04:58 INFO  : 'con' command is executed.
22:04:58 INFO  : ----------------XSDB Script (After Launch)----------------
targets -set -nocase -filter {name =~ "ARM*#0" && jtag_cable_name =~ "Digilent Zybo Z7 210351B0FC9BA"} -index 0
con
----------------End of Script----------------

22:04:58 INFO  : Launch script is exported to file 'C:\Users\super\OneDrive\Desktop\Universita\aes\assignment_2\.sdk\launch_scripts\xilinx_c-c++_application_(system_debugger)\system_debugger_using_debug_mnist_group.elf_on_local.tcl'
22:10:19 INFO  : Disconnected from the channel tcfchan#16.
22:10:20 INFO  : 'targets -set -filter {jtag_cable_name =~ "Digilent Zybo Z7 210351B0FC9BA" && level==0} -index 1' command is executed.
22:10:20 INFO  : 'fpga -state' command is executed.
22:10:20 INFO  : Connected to target on host '127.0.0.1' and port '3121'.
22:10:21 INFO  : Jtag cable 'Digilent Zybo Z7 210351B0FC9BA' is selected.
22:10:21 INFO  : 'jtag frequency' command is executed.
22:10:21 INFO  : Sourcing of 'C:/Users/super/OneDrive/Desktop/Universita/aes/assignment_2/image_uart_Z7.sdk/design_1_wrapper_hw_platform_0/ps7_init.tcl' is done.
22:10:21 INFO  : Context for 'APU' is selected.
22:10:22 INFO  : Hardware design information is loaded from 'C:/Users/super/OneDrive/Desktop/Universita/aes/assignment_2/image_uart_Z7.sdk/design_1_wrapper_hw_platform_0/system.hdf'.
22:10:22 INFO  : 'configparams force-mem-access 1' command is executed.
22:10:22 INFO  : Context for 'APU' is selected.
22:10:22 INFO  : 'stop' command is executed.
22:10:22 INFO  : 'ps7_init' command is executed.
22:10:22 INFO  : 'ps7_post_config' command is executed.
22:10:22 INFO  : Context for processor 'ps7_cortexa9_0' is selected.
22:10:22 INFO  : Processor reset is completed for 'ps7_cortexa9_0'.
22:10:22 INFO  : Context for processor 'ps7_cortexa9_0' is selected.
22:10:22 INFO  : The application 'C:/Users/super/OneDrive/Desktop/Universita/aes/assignment_2/mnist_group/Debug/mnist_group.elf' is downloaded to processor 'ps7_cortexa9_0'.
22:10:22 INFO  : 'configparams force-mem-access 0' command is executed.
22:10:22 INFO  : ----------------XSDB Script----------------
connect -url tcp:127.0.0.1:3121
source C:/Users/super/OneDrive/Desktop/Universita/aes/assignment_2/image_uart_Z7.sdk/design_1_wrapper_hw_platform_0/ps7_init.tcl
targets -set -nocase -filter {name =~"APU*" && jtag_cable_name =~ "Digilent Zybo Z7 210351B0FC9BA"} -index 0
loadhw -hw C:/Users/super/OneDrive/Desktop/Universita/aes/assignment_2/image_uart_Z7.sdk/design_1_wrapper_hw_platform_0/system.hdf -mem-ranges [list {0x40000000 0xbfffffff}]
configparams force-mem-access 1
targets -set -nocase -filter {name =~"APU*" && jtag_cable_name =~ "Digilent Zybo Z7 210351B0FC9BA"} -index 0
stop
ps7_init
ps7_post_config
targets -set -nocase -filter {name =~ "ARM*#0" && jtag_cable_name =~ "Digilent Zybo Z7 210351B0FC9BA"} -index 0
rst -processor
targets -set -nocase -filter {name =~ "ARM*#0" && jtag_cable_name =~ "Digilent Zybo Z7 210351B0FC9BA"} -index 0
dow C:/Users/super/OneDrive/Desktop/Universita/aes/assignment_2/mnist_group/Debug/mnist_group.elf
configparams force-mem-access 0
----------------End of Script----------------

22:10:22 INFO  : Memory regions updated for context APU
22:10:22 INFO  : Context for processor 'ps7_cortexa9_0' is selected.
22:10:22 INFO  : 'con' command is executed.
22:10:22 INFO  : ----------------XSDB Script (After Launch)----------------
targets -set -nocase -filter {name =~ "ARM*#0" && jtag_cable_name =~ "Digilent Zybo Z7 210351B0FC9BA"} -index 0
con
----------------End of Script----------------

22:10:22 INFO  : Launch script is exported to file 'C:\Users\super\OneDrive\Desktop\Universita\aes\assignment_2\.sdk\launch_scripts\xilinx_c-c++_application_(system_debugger)\system_debugger_using_debug_mnist_group.elf_on_local.tcl'
22:10:58 INFO  : Disconnected from the channel tcfchan#17.
22:10:59 INFO  : 'targets -set -filter {jtag_cable_name =~ "Digilent Zybo Z7 210351B0FC9BA" && level==0} -index 1' command is executed.
22:10:59 INFO  : 'fpga -state' command is executed.
22:10:59 INFO  : Connected to target on host '127.0.0.1' and port '3121'.
22:10:59 INFO  : Jtag cable 'Digilent Zybo Z7 210351B0FC9BA' is selected.
22:10:59 INFO  : 'jtag frequency' command is executed.
22:10:59 INFO  : Sourcing of 'C:/Users/super/OneDrive/Desktop/Universita/aes/assignment_2/image_uart_Z7.sdk/design_1_wrapper_hw_platform_0/ps7_init.tcl' is done.
22:10:59 INFO  : Context for 'APU' is selected.
22:11:00 INFO  : Hardware design information is loaded from 'C:/Users/super/OneDrive/Desktop/Universita/aes/assignment_2/image_uart_Z7.sdk/design_1_wrapper_hw_platform_0/system.hdf'.
22:11:00 INFO  : 'configparams force-mem-access 1' command is executed.
22:11:00 INFO  : Context for 'APU' is selected.
22:11:00 INFO  : 'stop' command is executed.
22:11:00 INFO  : 'ps7_init' command is executed.
22:11:00 INFO  : 'ps7_post_config' command is executed.
22:11:00 INFO  : Context for processor 'ps7_cortexa9_0' is selected.
22:11:00 INFO  : Processor reset is completed for 'ps7_cortexa9_0'.
22:11:00 INFO  : Context for processor 'ps7_cortexa9_0' is selected.
22:11:00 INFO  : The application 'C:/Users/super/OneDrive/Desktop/Universita/aes/assignment_2/mnist_group/Debug/mnist_group.elf' is downloaded to processor 'ps7_cortexa9_0'.
22:11:00 INFO  : 'configparams force-mem-access 0' command is executed.
22:11:00 INFO  : ----------------XSDB Script----------------
connect -url tcp:127.0.0.1:3121
source C:/Users/super/OneDrive/Desktop/Universita/aes/assignment_2/image_uart_Z7.sdk/design_1_wrapper_hw_platform_0/ps7_init.tcl
targets -set -nocase -filter {name =~"APU*" && jtag_cable_name =~ "Digilent Zybo Z7 210351B0FC9BA"} -index 0
loadhw -hw C:/Users/super/OneDrive/Desktop/Universita/aes/assignment_2/image_uart_Z7.sdk/design_1_wrapper_hw_platform_0/system.hdf -mem-ranges [list {0x40000000 0xbfffffff}]
configparams force-mem-access 1
targets -set -nocase -filter {name =~"APU*" && jtag_cable_name =~ "Digilent Zybo Z7 210351B0FC9BA"} -index 0
stop
ps7_init
ps7_post_config
targets -set -nocase -filter {name =~ "ARM*#0" && jtag_cable_name =~ "Digilent Zybo Z7 210351B0FC9BA"} -index 0
rst -processor
targets -set -nocase -filter {name =~ "ARM*#0" && jtag_cable_name =~ "Digilent Zybo Z7 210351B0FC9BA"} -index 0
dow C:/Users/super/OneDrive/Desktop/Universita/aes/assignment_2/mnist_group/Debug/mnist_group.elf
configparams force-mem-access 0
----------------End of Script----------------

22:11:00 INFO  : Memory regions updated for context APU
22:11:00 INFO  : Context for processor 'ps7_cortexa9_0' is selected.
22:11:00 INFO  : 'con' command is executed.
22:11:00 INFO  : ----------------XSDB Script (After Launch)----------------
targets -set -nocase -filter {name =~ "ARM*#0" && jtag_cable_name =~ "Digilent Zybo Z7 210351B0FC9BA"} -index 0
con
----------------End of Script----------------

22:11:00 INFO  : Launch script is exported to file 'C:\Users\super\OneDrive\Desktop\Universita\aes\assignment_2\.sdk\launch_scripts\xilinx_c-c++_application_(system_debugger)\system_debugger_using_debug_mnist_group.elf_on_local.tcl'
22:42:18 INFO  : Disconnected from the channel tcfchan#18.
22:42:19 INFO  : 'targets -set -filter {jtag_cable_name =~ "Digilent Zybo Z7 210351B0FC9BA" && level==0} -index 1' command is executed.
22:42:19 INFO  : 'fpga -state' command is executed.
22:42:19 INFO  : Connected to target on host '127.0.0.1' and port '3121'.
22:42:19 INFO  : Jtag cable 'Digilent Zybo Z7 210351B0FC9BA' is selected.
22:42:19 INFO  : 'jtag frequency' command is executed.
22:42:19 INFO  : Sourcing of 'C:/Users/super/OneDrive/Desktop/Universita/aes/assignment_2/image_uart_Z7.sdk/design_1_wrapper_hw_platform_0/ps7_init.tcl' is done.
22:42:19 INFO  : Context for 'APU' is selected.
22:42:20 INFO  : Hardware design information is loaded from 'C:/Users/super/OneDrive/Desktop/Universita/aes/assignment_2/image_uart_Z7.sdk/design_1_wrapper_hw_platform_0/system.hdf'.
22:42:20 INFO  : 'configparams force-mem-access 1' command is executed.
22:42:20 INFO  : Context for 'APU' is selected.
22:42:20 INFO  : 'stop' command is executed.
22:42:20 INFO  : 'ps7_init' command is executed.
22:42:20 INFO  : 'ps7_post_config' command is executed.
22:42:20 INFO  : Context for processor 'ps7_cortexa9_0' is selected.
22:42:20 INFO  : Processor reset is completed for 'ps7_cortexa9_0'.
22:42:20 INFO  : Context for processor 'ps7_cortexa9_0' is selected.
22:42:21 INFO  : The application 'C:/Users/super/OneDrive/Desktop/Universita/aes/assignment_2/mnist_group/Debug/mnist_group.elf' is downloaded to processor 'ps7_cortexa9_0'.
22:42:21 INFO  : 'configparams force-mem-access 0' command is executed.
22:42:21 INFO  : ----------------XSDB Script----------------
connect -url tcp:127.0.0.1:3121
source C:/Users/super/OneDrive/Desktop/Universita/aes/assignment_2/image_uart_Z7.sdk/design_1_wrapper_hw_platform_0/ps7_init.tcl
targets -set -nocase -filter {name =~"APU*" && jtag_cable_name =~ "Digilent Zybo Z7 210351B0FC9BA"} -index 0
loadhw -hw C:/Users/super/OneDrive/Desktop/Universita/aes/assignment_2/image_uart_Z7.sdk/design_1_wrapper_hw_platform_0/system.hdf -mem-ranges [list {0x40000000 0xbfffffff}]
configparams force-mem-access 1
targets -set -nocase -filter {name =~"APU*" && jtag_cable_name =~ "Digilent Zybo Z7 210351B0FC9BA"} -index 0
stop
ps7_init
ps7_post_config
targets -set -nocase -filter {name =~ "ARM*#0" && jtag_cable_name =~ "Digilent Zybo Z7 210351B0FC9BA"} -index 0
rst -processor
targets -set -nocase -filter {name =~ "ARM*#0" && jtag_cable_name =~ "Digilent Zybo Z7 210351B0FC9BA"} -index 0
dow C:/Users/super/OneDrive/Desktop/Universita/aes/assignment_2/mnist_group/Debug/mnist_group.elf
configparams force-mem-access 0
----------------End of Script----------------

22:42:21 INFO  : Memory regions updated for context APU
22:42:21 INFO  : Context for processor 'ps7_cortexa9_0' is selected.
22:42:21 INFO  : 'con' command is executed.
22:42:21 INFO  : ----------------XSDB Script (After Launch)----------------
targets -set -nocase -filter {name =~ "ARM*#0" && jtag_cable_name =~ "Digilent Zybo Z7 210351B0FC9BA"} -index 0
con
----------------End of Script----------------

22:42:21 INFO  : Launch script is exported to file 'C:\Users\super\OneDrive\Desktop\Universita\aes\assignment_2\.sdk\launch_scripts\xilinx_c-c++_application_(system_debugger)\system_debugger_using_debug_mnist_group.elf_on_local.tcl'
22:43:17 INFO  : Disconnected from the channel tcfchan#19.
22:43:18 INFO  : 'targets -set -filter {jtag_cable_name =~ "Digilent Zybo Z7 210351B0FC9BA" && level==0} -index 1' command is executed.
22:43:18 INFO  : 'fpga -state' command is executed.
22:43:18 INFO  : Connected to target on host '127.0.0.1' and port '3121'.
22:43:18 INFO  : Jtag cable 'Digilent Zybo Z7 210351B0FC9BA' is selected.
22:43:18 INFO  : 'jtag frequency' command is executed.
22:43:18 INFO  : Sourcing of 'C:/Users/super/OneDrive/Desktop/Universita/aes/assignment_2/image_uart_Z7.sdk/design_1_wrapper_hw_platform_0/ps7_init.tcl' is done.
22:43:18 INFO  : Context for 'APU' is selected.
22:43:19 INFO  : Hardware design information is loaded from 'C:/Users/super/OneDrive/Desktop/Universita/aes/assignment_2/image_uart_Z7.sdk/design_1_wrapper_hw_platform_0/system.hdf'.
22:43:19 INFO  : 'configparams force-mem-access 1' command is executed.
22:43:19 INFO  : Context for 'APU' is selected.
22:43:19 INFO  : 'stop' command is executed.
22:43:19 INFO  : 'ps7_init' command is executed.
22:43:19 INFO  : 'ps7_post_config' command is executed.
22:43:19 INFO  : Context for processor 'ps7_cortexa9_0' is selected.
22:43:19 INFO  : Processor reset is completed for 'ps7_cortexa9_0'.
22:43:19 INFO  : Context for processor 'ps7_cortexa9_0' is selected.
22:43:19 INFO  : The application 'C:/Users/super/OneDrive/Desktop/Universita/aes/assignment_2/mnist_group/Debug/mnist_group.elf' is downloaded to processor 'ps7_cortexa9_0'.
22:43:19 INFO  : 'configparams force-mem-access 0' command is executed.
22:43:19 INFO  : ----------------XSDB Script----------------
connect -url tcp:127.0.0.1:3121
source C:/Users/super/OneDrive/Desktop/Universita/aes/assignment_2/image_uart_Z7.sdk/design_1_wrapper_hw_platform_0/ps7_init.tcl
targets -set -nocase -filter {name =~"APU*" && jtag_cable_name =~ "Digilent Zybo Z7 210351B0FC9BA"} -index 0
loadhw -hw C:/Users/super/OneDrive/Desktop/Universita/aes/assignment_2/image_uart_Z7.sdk/design_1_wrapper_hw_platform_0/system.hdf -mem-ranges [list {0x40000000 0xbfffffff}]
configparams force-mem-access 1
targets -set -nocase -filter {name =~"APU*" && jtag_cable_name =~ "Digilent Zybo Z7 210351B0FC9BA"} -index 0
stop
ps7_init
ps7_post_config
targets -set -nocase -filter {name =~ "ARM*#0" && jtag_cable_name =~ "Digilent Zybo Z7 210351B0FC9BA"} -index 0
rst -processor
targets -set -nocase -filter {name =~ "ARM*#0" && jtag_cable_name =~ "Digilent Zybo Z7 210351B0FC9BA"} -index 0
dow C:/Users/super/OneDrive/Desktop/Universita/aes/assignment_2/mnist_group/Debug/mnist_group.elf
configparams force-mem-access 0
----------------End of Script----------------

22:43:19 INFO  : Memory regions updated for context APU
22:43:19 INFO  : Context for processor 'ps7_cortexa9_0' is selected.
22:43:19 INFO  : 'con' command is executed.
22:43:19 INFO  : ----------------XSDB Script (After Launch)----------------
targets -set -nocase -filter {name =~ "ARM*#0" && jtag_cable_name =~ "Digilent Zybo Z7 210351B0FC9BA"} -index 0
con
----------------End of Script----------------

22:43:19 INFO  : Launch script is exported to file 'C:\Users\super\OneDrive\Desktop\Universita\aes\assignment_2\.sdk\launch_scripts\xilinx_c-c++_application_(system_debugger)\system_debugger_using_debug_mnist_group.elf_on_local.tcl'
22:48:08 INFO  : Disconnected from the channel tcfchan#20.
22:48:09 INFO  : 'targets -set -filter {jtag_cable_name =~ "Digilent Zybo Z7 210351B0FC9BA" && level==0} -index 1' command is executed.
22:48:09 INFO  : 'fpga -state' command is executed.
22:48:09 INFO  : Connected to target on host '127.0.0.1' and port '3121'.
22:48:09 INFO  : Jtag cable 'Digilent Zybo Z7 210351B0FC9BA' is selected.
22:48:09 INFO  : 'jtag frequency' command is executed.
22:48:09 INFO  : Sourcing of 'C:/Users/super/OneDrive/Desktop/Universita/aes/assignment_2/image_uart_Z7.sdk/design_1_wrapper_hw_platform_0/ps7_init.tcl' is done.
22:48:09 INFO  : Context for 'APU' is selected.
22:48:10 INFO  : Hardware design information is loaded from 'C:/Users/super/OneDrive/Desktop/Universita/aes/assignment_2/image_uart_Z7.sdk/design_1_wrapper_hw_platform_0/system.hdf'.
22:48:10 INFO  : 'configparams force-mem-access 1' command is executed.
22:48:10 INFO  : Context for 'APU' is selected.
22:48:10 INFO  : 'stop' command is executed.
22:48:10 INFO  : 'ps7_init' command is executed.
22:48:10 INFO  : 'ps7_post_config' command is executed.
22:48:10 INFO  : Context for processor 'ps7_cortexa9_0' is selected.
22:48:10 INFO  : Processor reset is completed for 'ps7_cortexa9_0'.
22:48:10 INFO  : Context for processor 'ps7_cortexa9_0' is selected.
22:48:10 INFO  : The application 'C:/Users/super/OneDrive/Desktop/Universita/aes/assignment_2/mnist_group/Debug/mnist_group.elf' is downloaded to processor 'ps7_cortexa9_0'.
22:48:10 INFO  : 'configparams force-mem-access 0' command is executed.
22:48:10 INFO  : ----------------XSDB Script----------------
connect -url tcp:127.0.0.1:3121
source C:/Users/super/OneDrive/Desktop/Universita/aes/assignment_2/image_uart_Z7.sdk/design_1_wrapper_hw_platform_0/ps7_init.tcl
targets -set -nocase -filter {name =~"APU*" && jtag_cable_name =~ "Digilent Zybo Z7 210351B0FC9BA"} -index 0
loadhw -hw C:/Users/super/OneDrive/Desktop/Universita/aes/assignment_2/image_uart_Z7.sdk/design_1_wrapper_hw_platform_0/system.hdf -mem-ranges [list {0x40000000 0xbfffffff}]
configparams force-mem-access 1
targets -set -nocase -filter {name =~"APU*" && jtag_cable_name =~ "Digilent Zybo Z7 210351B0FC9BA"} -index 0
stop
ps7_init
ps7_post_config
targets -set -nocase -filter {name =~ "ARM*#0" && jtag_cable_name =~ "Digilent Zybo Z7 210351B0FC9BA"} -index 0
rst -processor
targets -set -nocase -filter {name =~ "ARM*#0" && jtag_cable_name =~ "Digilent Zybo Z7 210351B0FC9BA"} -index 0
dow C:/Users/super/OneDrive/Desktop/Universita/aes/assignment_2/mnist_group/Debug/mnist_group.elf
configparams force-mem-access 0
----------------End of Script----------------

22:48:11 INFO  : Memory regions updated for context APU
22:48:11 INFO  : Context for processor 'ps7_cortexa9_0' is selected.
22:48:11 INFO  : 'con' command is executed.
22:48:11 INFO  : ----------------XSDB Script (After Launch)----------------
targets -set -nocase -filter {name =~ "ARM*#0" && jtag_cable_name =~ "Digilent Zybo Z7 210351B0FC9BA"} -index 0
con
----------------End of Script----------------

22:48:11 INFO  : Launch script is exported to file 'C:\Users\super\OneDrive\Desktop\Universita\aes\assignment_2\.sdk\launch_scripts\xilinx_c-c++_application_(system_debugger)\system_debugger_using_debug_mnist_group.elf_on_local.tcl'
22:48:13 INFO  : Disconnected from the channel tcfchan#21.
22:48:14 INFO  : 'targets -set -filter {jtag_cable_name =~ "Digilent Zybo Z7 210351B0FC9BA" && level==0} -index 1' command is executed.
22:48:14 INFO  : 'fpga -state' command is executed.
22:48:14 INFO  : Connected to target on host '127.0.0.1' and port '3121'.
22:48:15 INFO  : Jtag cable 'Digilent Zybo Z7 210351B0FC9BA' is selected.
22:48:15 INFO  : 'jtag frequency' command is executed.
22:48:15 INFO  : Sourcing of 'C:/Users/super/OneDrive/Desktop/Universita/aes/assignment_2/image_uart_Z7.sdk/design_1_wrapper_hw_platform_0/ps7_init.tcl' is done.
22:48:15 INFO  : Context for 'APU' is selected.
22:48:16 INFO  : Hardware design information is loaded from 'C:/Users/super/OneDrive/Desktop/Universita/aes/assignment_2/image_uart_Z7.sdk/design_1_wrapper_hw_platform_0/system.hdf'.
22:48:16 INFO  : 'configparams force-mem-access 1' command is executed.
22:48:16 INFO  : Context for 'APU' is selected.
22:48:16 INFO  : 'stop' command is executed.
22:48:16 INFO  : 'ps7_init' command is executed.
22:48:16 INFO  : 'ps7_post_config' command is executed.
22:48:16 INFO  : Context for processor 'ps7_cortexa9_0' is selected.
22:48:16 INFO  : Processor reset is completed for 'ps7_cortexa9_0'.
22:48:16 INFO  : Context for processor 'ps7_cortexa9_0' is selected.
22:48:16 INFO  : The application 'C:/Users/super/OneDrive/Desktop/Universita/aes/assignment_2/mnist_group/Debug/mnist_group.elf' is downloaded to processor 'ps7_cortexa9_0'.
22:48:16 INFO  : 'configparams force-mem-access 0' command is executed.
22:48:16 INFO  : ----------------XSDB Script----------------
connect -url tcp:127.0.0.1:3121
source C:/Users/super/OneDrive/Desktop/Universita/aes/assignment_2/image_uart_Z7.sdk/design_1_wrapper_hw_platform_0/ps7_init.tcl
targets -set -nocase -filter {name =~"APU*" && jtag_cable_name =~ "Digilent Zybo Z7 210351B0FC9BA"} -index 0
loadhw -hw C:/Users/super/OneDrive/Desktop/Universita/aes/assignment_2/image_uart_Z7.sdk/design_1_wrapper_hw_platform_0/system.hdf -mem-ranges [list {0x40000000 0xbfffffff}]
configparams force-mem-access 1
targets -set -nocase -filter {name =~"APU*" && jtag_cable_name =~ "Digilent Zybo Z7 210351B0FC9BA"} -index 0
stop
ps7_init
ps7_post_config
targets -set -nocase -filter {name =~ "ARM*#0" && jtag_cable_name =~ "Digilent Zybo Z7 210351B0FC9BA"} -index 0
rst -processor
targets -set -nocase -filter {name =~ "ARM*#0" && jtag_cable_name =~ "Digilent Zybo Z7 210351B0FC9BA"} -index 0
dow C:/Users/super/OneDrive/Desktop/Universita/aes/assignment_2/mnist_group/Debug/mnist_group.elf
configparams force-mem-access 0
----------------End of Script----------------

22:48:16 INFO  : Memory regions updated for context APU
22:48:16 INFO  : Context for processor 'ps7_cortexa9_0' is selected.
22:48:16 INFO  : 'con' command is executed.
22:48:16 INFO  : ----------------XSDB Script (After Launch)----------------
targets -set -nocase -filter {name =~ "ARM*#0" && jtag_cable_name =~ "Digilent Zybo Z7 210351B0FC9BA"} -index 0
con
----------------End of Script----------------

22:48:16 INFO  : Launch script is exported to file 'C:\Users\super\OneDrive\Desktop\Universita\aes\assignment_2\.sdk\launch_scripts\xilinx_c-c++_application_(system_debugger)\system_debugger_using_debug_mnist_group.elf_on_local.tcl'
22:48:58 INFO  : Disconnected from the channel tcfchan#22.
22:48:59 INFO  : 'targets -set -filter {jtag_cable_name =~ "Digilent Zybo Z7 210351B0FC9BA" && level==0} -index 1' command is executed.
22:48:59 INFO  : 'fpga -state' command is executed.
22:48:59 INFO  : Connected to target on host '127.0.0.1' and port '3121'.
22:48:59 INFO  : Jtag cable 'Digilent Zybo Z7 210351B0FC9BA' is selected.
22:48:59 INFO  : 'jtag frequency' command is executed.
22:48:59 INFO  : Sourcing of 'C:/Users/super/OneDrive/Desktop/Universita/aes/assignment_2/image_uart_Z7.sdk/design_1_wrapper_hw_platform_0/ps7_init.tcl' is done.
22:48:59 INFO  : Context for 'APU' is selected.
22:49:00 INFO  : Hardware design information is loaded from 'C:/Users/super/OneDrive/Desktop/Universita/aes/assignment_2/image_uart_Z7.sdk/design_1_wrapper_hw_platform_0/system.hdf'.
22:49:00 INFO  : 'configparams force-mem-access 1' command is executed.
22:49:00 INFO  : Context for 'APU' is selected.
22:49:00 INFO  : 'stop' command is executed.
22:49:00 INFO  : 'ps7_init' command is executed.
22:49:00 INFO  : 'ps7_post_config' command is executed.
22:49:00 INFO  : Context for processor 'ps7_cortexa9_0' is selected.
22:49:00 INFO  : Processor reset is completed for 'ps7_cortexa9_0'.
22:49:00 INFO  : Context for processor 'ps7_cortexa9_0' is selected.
22:49:01 INFO  : The application 'C:/Users/super/OneDrive/Desktop/Universita/aes/assignment_2/mnist_group/Debug/mnist_group.elf' is downloaded to processor 'ps7_cortexa9_0'.
22:49:01 INFO  : 'configparams force-mem-access 0' command is executed.
22:49:01 INFO  : ----------------XSDB Script----------------
connect -url tcp:127.0.0.1:3121
source C:/Users/super/OneDrive/Desktop/Universita/aes/assignment_2/image_uart_Z7.sdk/design_1_wrapper_hw_platform_0/ps7_init.tcl
targets -set -nocase -filter {name =~"APU*" && jtag_cable_name =~ "Digilent Zybo Z7 210351B0FC9BA"} -index 0
loadhw -hw C:/Users/super/OneDrive/Desktop/Universita/aes/assignment_2/image_uart_Z7.sdk/design_1_wrapper_hw_platform_0/system.hdf -mem-ranges [list {0x40000000 0xbfffffff}]
configparams force-mem-access 1
targets -set -nocase -filter {name =~"APU*" && jtag_cable_name =~ "Digilent Zybo Z7 210351B0FC9BA"} -index 0
stop
ps7_init
ps7_post_config
targets -set -nocase -filter {name =~ "ARM*#0" && jtag_cable_name =~ "Digilent Zybo Z7 210351B0FC9BA"} -index 0
rst -processor
targets -set -nocase -filter {name =~ "ARM*#0" && jtag_cable_name =~ "Digilent Zybo Z7 210351B0FC9BA"} -index 0
dow C:/Users/super/OneDrive/Desktop/Universita/aes/assignment_2/mnist_group/Debug/mnist_group.elf
configparams force-mem-access 0
----------------End of Script----------------

22:49:01 INFO  : Memory regions updated for context APU
22:49:01 INFO  : Context for processor 'ps7_cortexa9_0' is selected.
22:49:01 INFO  : 'con' command is executed.
22:49:01 INFO  : ----------------XSDB Script (After Launch)----------------
targets -set -nocase -filter {name =~ "ARM*#0" && jtag_cable_name =~ "Digilent Zybo Z7 210351B0FC9BA"} -index 0
con
----------------End of Script----------------

22:49:01 INFO  : Launch script is exported to file 'C:\Users\super\OneDrive\Desktop\Universita\aes\assignment_2\.sdk\launch_scripts\xilinx_c-c++_application_(system_debugger)\system_debugger_using_debug_mnist_group.elf_on_local.tcl'
22:49:10 INFO  : Disconnected from the channel tcfchan#23.
22:49:11 INFO  : 'targets -set -filter {jtag_cable_name =~ "Digilent Zybo Z7 210351B0FC9BA" && level==0} -index 1' command is executed.
22:49:11 INFO  : 'fpga -state' command is executed.
22:49:11 INFO  : Connected to target on host '127.0.0.1' and port '3121'.
22:49:11 INFO  : Jtag cable 'Digilent Zybo Z7 210351B0FC9BA' is selected.
22:49:11 INFO  : 'jtag frequency' command is executed.
22:49:11 INFO  : Sourcing of 'C:/Users/super/OneDrive/Desktop/Universita/aes/assignment_2/image_uart_Z7.sdk/design_1_wrapper_hw_platform_0/ps7_init.tcl' is done.
22:49:11 INFO  : Context for 'APU' is selected.
22:49:12 INFO  : Hardware design information is loaded from 'C:/Users/super/OneDrive/Desktop/Universita/aes/assignment_2/image_uart_Z7.sdk/design_1_wrapper_hw_platform_0/system.hdf'.
22:49:12 INFO  : 'configparams force-mem-access 1' command is executed.
22:49:12 INFO  : Context for 'APU' is selected.
22:49:12 INFO  : 'stop' command is executed.
22:49:12 INFO  : 'ps7_init' command is executed.
22:49:12 INFO  : 'ps7_post_config' command is executed.
22:49:12 INFO  : Context for processor 'ps7_cortexa9_0' is selected.
22:49:13 INFO  : Processor reset is completed for 'ps7_cortexa9_0'.
22:49:13 INFO  : Context for processor 'ps7_cortexa9_0' is selected.
22:49:13 INFO  : The application 'C:/Users/super/OneDrive/Desktop/Universita/aes/assignment_2/mnist_group/Debug/mnist_group.elf' is downloaded to processor 'ps7_cortexa9_0'.
22:49:13 INFO  : 'configparams force-mem-access 0' command is executed.
22:49:13 INFO  : ----------------XSDB Script----------------
connect -url tcp:127.0.0.1:3121
source C:/Users/super/OneDrive/Desktop/Universita/aes/assignment_2/image_uart_Z7.sdk/design_1_wrapper_hw_platform_0/ps7_init.tcl
targets -set -nocase -filter {name =~"APU*" && jtag_cable_name =~ "Digilent Zybo Z7 210351B0FC9BA"} -index 0
loadhw -hw C:/Users/super/OneDrive/Desktop/Universita/aes/assignment_2/image_uart_Z7.sdk/design_1_wrapper_hw_platform_0/system.hdf -mem-ranges [list {0x40000000 0xbfffffff}]
configparams force-mem-access 1
targets -set -nocase -filter {name =~"APU*" && jtag_cable_name =~ "Digilent Zybo Z7 210351B0FC9BA"} -index 0
stop
ps7_init
ps7_post_config
targets -set -nocase -filter {name =~ "ARM*#0" && jtag_cable_name =~ "Digilent Zybo Z7 210351B0FC9BA"} -index 0
rst -processor
targets -set -nocase -filter {name =~ "ARM*#0" && jtag_cable_name =~ "Digilent Zybo Z7 210351B0FC9BA"} -index 0
dow C:/Users/super/OneDrive/Desktop/Universita/aes/assignment_2/mnist_group/Debug/mnist_group.elf
configparams force-mem-access 0
----------------End of Script----------------

22:49:13 INFO  : Memory regions updated for context APU
22:49:13 INFO  : Context for processor 'ps7_cortexa9_0' is selected.
22:49:13 INFO  : 'con' command is executed.
22:49:13 INFO  : ----------------XSDB Script (After Launch)----------------
targets -set -nocase -filter {name =~ "ARM*#0" && jtag_cable_name =~ "Digilent Zybo Z7 210351B0FC9BA"} -index 0
con
----------------End of Script----------------

22:49:13 INFO  : Launch script is exported to file 'C:\Users\super\OneDrive\Desktop\Universita\aes\assignment_2\.sdk\launch_scripts\xilinx_c-c++_application_(system_debugger)\system_debugger_using_debug_mnist_group.elf_on_local.tcl'
00:11:29 WARN  : channel "tcfchan#8" closed
00:11:29 INFO  : Disconnected from the channel tcfchan#24.
